*PADS-PCB*
*PART*
C1     CAPC1608X90N
C2     CAPC1608X90N
C3     CAPC1608X90N
C4     CAPC1608X90N
C5     CAPC1608X90N
C6     GRM18x
C7     CAPC1608X90N
C8     CAPC1608X90N
C9     CAPC1608X90N
C10    CAPC1608X90N
C11    CAPC1608X90N
C25    CAPC1608X90N
C35    CAPC1608X90N
D3_0   SOD2513X120N
D3_1   SOD2513X120N
D3_2   SOD2513X120N
D3_3   SOD2513X120N
D3_4   SOD2513X120N
D3_5   SOD2513X120N
D5     DIOM5436X330N
D5     DIOM5436X330N
FB1    BEADC2012X105N
IC4    SOT65P210X110-6N
IC5    SOIC127P600X175-8N
J3     HDRV5W64P0X254_1X5_1270X254X854P
LED3   LEDM1620X150N
R1     RESC1608X55N
R2     RESC1608X55N
R3     RESC1608X55N
R4     RESC1608X55N
R5     RESC1608X55N
R6     RESC1608X55N
R17    RESC2012X60N
R24    ERJP03_PA3_(0603)
U1     STM-LQFP64_N
U?     RNX12_TEX
X1     ABRA-ABM3-2_V
*END*
