Added Component: Designator=C1(CAPC1608X90X35LL15T15)
Add component (AddParameter): Name = "Arrow Part Number"; Value = "CC0603KRX7R7BB105"; VariantName = "[No Variations]"
Add component (AddParameter): Name = "Arrow Price/Stock"; Value = "https://www.arrow.com/en/products/cc0603krx7r7bb105/yageo?region=nac"; VariantName = "[No Variations]"
Add component (AddParameter): Name = "Datasheet Link"; Value = "http://componentsearchengine.com/Datasheets/1/CC0603KRX7R7BB105.pdf"; VariantName = "[No Variations]"
Add component (AddParameter): Name = "Manufacturer_Name"; Value = "KEMET"; VariantName = "[No Variations]"
Add component (AddParameter): Name = "Manufacturer_Part_Number"; Value = "CC0603KRX7R7BB105"; VariantName = "[No Variations]"
Add component (AddParameter): Name = "Mouser Part Number"; Value = "603-CC603KRX7R7BB105"; VariantName = "[No Variations]"
Add component (AddParameter): Name = "Mouser Price/Stock"; Value = "https://www.mouser.co.uk/ProductDetail/YAGEO/CC0603KRX7R7BB105?qs=Z5EW3TBnpq2UUKiQ6CZTSQ%3D%3D"; VariantName = "[No Variations]"
Added Component: Designator=C2(CAPC1608X90X35LL15T15)
Add component (AddParameter): Name = "Arrow Part Number"; Value = "CC0603KRX7R7BB105"; VariantName = "[No Variations]"
Add component (AddParameter): Name = "Arrow Price/Stock"; Value = "https://www.arrow.com/en/products/cc0603krx7r7bb105/yageo?region=nac"; VariantName = "[No Variations]"
Add component (AddParameter): Name = "Datasheet Link"; Value = "http://componentsearchengine.com/Datasheets/1/CC0603KRX7R7BB105.pdf"; VariantName = "[No Variations]"
Add component (AddParameter): Name = "Manufacturer_Name"; Value = "KEMET"; VariantName = "[No Variations]"
Add component (AddParameter): Name = "Manufacturer_Part_Number"; Value = "CC0603KRX7R7BB105"; VariantName = "[No Variations]"
Add component (AddParameter): Name = "Mouser Part Number"; Value = "603-CC603KRX7R7BB105"; VariantName = "[No Variations]"
Add component (AddParameter): Name = "Mouser Price/Stock"; Value = "https://www.mouser.co.uk/ProductDetail/YAGEO/CC0603KRX7R7BB105?qs=Z5EW3TBnpq2UUKiQ6CZTSQ%3D%3D"; VariantName = "[No Variations]"
Added Component: Designator=C3(CAPC1608X90X35LL15T15)
Add component (AddParameter): Name = "Arrow Part Number"; Value = "CC0603KRX7R7BB105"; VariantName = "[No Variations]"
Add component (AddParameter): Name = "Arrow Price/Stock"; Value = "https://www.arrow.com/en/products/cc0603krx7r7bb105/yageo?region=nac"; VariantName = "[No Variations]"
Add component (AddParameter): Name = "Datasheet Link"; Value = "http://componentsearchengine.com/Datasheets/1/CC0603KRX7R7BB105.pdf"; VariantName = "[No Variations]"
Add component (AddParameter): Name = "Manufacturer_Name"; Value = "KEMET"; VariantName = "[No Variations]"
Add component (AddParameter): Name = "Manufacturer_Part_Number"; Value = "CC0603KRX7R7BB105"; VariantName = "[No Variations]"
Add component (AddParameter): Name = "Mouser Part Number"; Value = "603-CC603KRX7R7BB105"; VariantName = "[No Variations]"
Add component (AddParameter): Name = "Mouser Price/Stock"; Value = "https://www.mouser.co.uk/ProductDetail/YAGEO/CC0603KRX7R7BB105?qs=Z5EW3TBnpq2UUKiQ6CZTSQ%3D%3D"; VariantName = "[No Variations]"
Added Component: Designator=C4(CAPC1608X90X35LL15T15)
Add component (AddParameter): Name = "Arrow Part Number"; Value = "CC0603KRX7R7BB105"; VariantName = "[No Variations]"
Add component (AddParameter): Name = "Arrow Price/Stock"; Value = "https://www.arrow.com/en/products/cc0603krx7r7bb105/yageo?region=nac"; VariantName = "[No Variations]"
Add component (AddParameter): Name = "Datasheet Link"; Value = "http://componentsearchengine.com/Datasheets/1/CC0603KRX7R7BB105.pdf"; VariantName = "[No Variations]"
Add component (AddParameter): Name = "Manufacturer_Name"; Value = "KEMET"; VariantName = "[No Variations]"
Add component (AddParameter): Name = "Manufacturer_Part_Number"; Value = "CC0603KRX7R7BB105"; VariantName = "[No Variations]"
Add component (AddParameter): Name = "Mouser Part Number"; Value = "603-CC603KRX7R7BB105"; VariantName = "[No Variations]"
Add component (AddParameter): Name = "Mouser Price/Stock"; Value = "https://www.mouser.co.uk/ProductDetail/YAGEO/CC0603KRX7R7BB105?qs=Z5EW3TBnpq2UUKiQ6CZTSQ%3D%3D"; VariantName = "[No Variations]"
Added Component: Designator=C5(CAPC1608X90X35LL15T15)
Add component (AddParameter): Name = "Arrow Part Number"; Value = "CC0603KRX7R7BB105"; VariantName = "[No Variations]"
Add component (AddParameter): Name = "Arrow Price/Stock"; Value = "https://www.arrow.com/en/products/cc0603krx7r7bb105/yageo?region=nac"; VariantName = "[No Variations]"
Add component (AddParameter): Name = "Datasheet Link"; Value = "http://componentsearchengine.com/Datasheets/1/CC0603KRX7R7BB105.pdf"; VariantName = "[No Variations]"
Add component (AddParameter): Name = "Manufacturer_Name"; Value = "KEMET"; VariantName = "[No Variations]"
Add component (AddParameter): Name = "Manufacturer_Part_Number"; Value = "CC0603KRX7R7BB105"; VariantName = "[No Variations]"
Add component (AddParameter): Name = "Mouser Part Number"; Value = "603-CC603KRX7R7BB105"; VariantName = "[No Variations]"
Add component (AddParameter): Name = "Mouser Price/Stock"; Value = "https://www.mouser.co.uk/ProductDetail/YAGEO/CC0603KRX7R7BB105?qs=Z5EW3TBnpq2UUKiQ6CZTSQ%3D%3D"; VariantName = "[No Variations]"
Add component: Footprint Not Found GRM18x
Added Component: Designator=C7(CAPC1608X90X35LL15T15)
Add component (AddParameter): Name = "Arrow Part Number"; Value = "CC0603KRX7R7BB105"; VariantName = "[No Variations]"
Add component (AddParameter): Name = "Arrow Price/Stock"; Value = "https://www.arrow.com/en/products/cc0603krx7r7bb105/yageo?region=nac"; VariantName = "[No Variations]"
Add component (AddParameter): Name = "Datasheet Link"; Value = "http://componentsearchengine.com/Datasheets/1/CC0603KRX7R7BB105.pdf"; VariantName = "[No Variations]"
Add component (AddParameter): Name = "Manufacturer_Name"; Value = "KEMET"; VariantName = "[No Variations]"
Add component (AddParameter): Name = "Manufacturer_Part_Number"; Value = "CC0603KRX7R7BB105"; VariantName = "[No Variations]"
Add component (AddParameter): Name = "Mouser Part Number"; Value = "603-CC603KRX7R7BB105"; VariantName = "[No Variations]"
Add component (AddParameter): Name = "Mouser Price/Stock"; Value = "https://www.mouser.co.uk/ProductDetail/YAGEO/CC0603KRX7R7BB105?qs=Z5EW3TBnpq2UUKiQ6CZTSQ%3D%3D"; VariantName = "[No Variations]"
Added Component: Designator=C8(CAPC1608X90X35LL15T15)
Add component (AddParameter): Name = "Arrow Part Number"; Value = "CGA3E2C0G1H080D080AA"; VariantName = "[No Variations]"
Add component (AddParameter): Name = "Arrow Price/Stock"; Value = "https://www.arrow.com/en/products/cga3e2c0g1h080d080aa/tdk"; VariantName = "[No Variations]"
Add component (AddParameter): Name = "Datasheet Link"; Value = "http://docs-europe.electrocomponents.com/webdocs/14e9/0900766b814e9125.pdf"; VariantName = "[No Variations]"
Add component (AddParameter): Name = "Height"; Value = "0.9mm"; VariantName = "[No Variations]"
Add component (AddParameter): Name = "Manufacturer_Name"; Value = "TDK"; VariantName = "[No Variations]"
Add component (AddParameter): Name = "Manufacturer_Part_Number"; Value = "CGA3E2C0G1H080D080AA"; VariantName = "[No Variations]"
Add component (AddParameter): Name = "Mouser Part Number"; Value = "810-CGA3E2C0G1H080D"; VariantName = "[No Variations]"
Add component (AddParameter): Name = "Mouser Price/Stock"; Value = "https://www.mouser.com/Search/Refine.aspx?Keyword=810-CGA3E2C0G1H080D"; VariantName = "[No Variations]"
Added Component: Designator=C9(CAPC1608X90X35LL15T15)
Add component (AddParameter): Name = "Arrow Part Number"; Value = "CGA3E2C0G1H080D080AA"; VariantName = "[No Variations]"
Add component (AddParameter): Name = "Arrow Price/Stock"; Value = "https://www.arrow.com/en/products/cga3e2c0g1h080d080aa/tdk"; VariantName = "[No Variations]"
Add component (AddParameter): Name = "Datasheet Link"; Value = "http://docs-europe.electrocomponents.com/webdocs/14e9/0900766b814e9125.pdf"; VariantName = "[No Variations]"
Add component (AddParameter): Name = "Height"; Value = "0.9mm"; VariantName = "[No Variations]"
Add component (AddParameter): Name = "Manufacturer_Name"; Value = "TDK"; VariantName = "[No Variations]"
Add component (AddParameter): Name = "Manufacturer_Part_Number"; Value = "CGA3E2C0G1H080D080AA"; VariantName = "[No Variations]"
Add component (AddParameter): Name = "Mouser Part Number"; Value = "810-CGA3E2C0G1H080D"; VariantName = "[No Variations]"
Add component (AddParameter): Name = "Mouser Price/Stock"; Value = "https://www.mouser.com/Search/Refine.aspx?Keyword=810-CGA3E2C0G1H080D"; VariantName = "[No Variations]"
Added Component: Designator=C10(CAPC1608X90X35LL15T15)
Add component (AddParameter): Name = "Arrow Part Number"; Value = "CL10B225KP8NNNC"; VariantName = "[No Variations]"
Add component (AddParameter): Name = "Arrow Price/Stock"; Value = "https://www.arrow.com/en/products/cl10b225kp8nnnc/samsung-electro-mechanics?region=nac"; VariantName = "[No Variations]"
Add component (AddParameter): Name = "Datasheet Link"; Value = "https://datasheet.datasheetarchive.com/originals/distributors/Datasheets-DGA10/2411679.pdf"; VariantName = "[No Variations]"
Add component (AddParameter): Name = "Height"; Value = "0.9mm"; VariantName = "[No Variations]"
Add component (AddParameter): Name = "Manufacturer_Name"; Value = "SAMSUNG"; VariantName = "[No Variations]"
Add component (AddParameter): Name = "Manufacturer_Part_Number"; Value = "CL10B225KP8NNNC"; VariantName = "[No Variations]"
Add component (AddParameter): Name = "Mouser Part Number"; Value = "187-CL10B225KP8NNNC"; VariantName = "[No Variations]"
Add component (AddParameter): Name = "Mouser Price/Stock"; Value = "https://www.mouser.co.uk/ProductDetail/Samsung-Electro-Mechanics/CL10B225KP8NNNC?qs=X6jEic%2FHinDbk4bW6Red9A%3D%3D"; VariantName = "[No Variations]"
Added Component: Designator=C11(CAPC1608X90X35LL15T15)
Add component (AddParameter): Name = "Arrow Part Number"; Value = "CL10B225KP8NNNC"; VariantName = "[No Variations]"
Add component (AddParameter): Name = "Arrow Price/Stock"; Value = "https://www.arrow.com/en/products/cl10b225kp8nnnc/samsung-electro-mechanics?region=nac"; VariantName = "[No Variations]"
Add component (AddParameter): Name = "Datasheet Link"; Value = "https://datasheet.datasheetarchive.com/originals/distributors/Datasheets-DGA10/2411679.pdf"; VariantName = "[No Variations]"
Add component (AddParameter): Name = "Height"; Value = "0.9mm"; VariantName = "[No Variations]"
Add component (AddParameter): Name = "Manufacturer_Name"; Value = "SAMSUNG"; VariantName = "[No Variations]"
Add component (AddParameter): Name = "Manufacturer_Part_Number"; Value = "CL10B225KP8NNNC"; VariantName = "[No Variations]"
Add component (AddParameter): Name = "Mouser Part Number"; Value = "187-CL10B225KP8NNNC"; VariantName = "[No Variations]"
Add component (AddParameter): Name = "Mouser Price/Stock"; Value = "https://www.mouser.co.uk/ProductDetail/Samsung-Electro-Mechanics/CL10B225KP8NNNC?qs=X6jEic%2FHinDbk4bW6Red9A%3D%3D"; VariantName = "[No Variations]"
Added Component: Designator=C35(CAPC1608X90X35LL15T15)
Add component (AddParameter): Name = "Arrow Part Number"; Value = "CC0603KRX7R8BB104"; VariantName = "[No Variations]"
Add component (AddParameter): Name = "Arrow Price/Stock"; Value = "https://www.arrow.com/en/products/cc0603krx7r8bb104/yageo"; VariantName = "[No Variations]"
Add component (AddParameter): Name = "Datasheet Link"; Value = "https://datasheet.datasheetarchive.com/originals/distributors/Datasheets_SAMA/d9f127a4875522309d99aa7dec79633c.pdf"; VariantName = "[No Variations]"
Add component (AddParameter): Name = "Height"; Value = "0.9mm"; VariantName = "[No Variations]"
Add component (AddParameter): Name = "Manufacturer_Name"; Value = "KEMET"; VariantName = "[No Variations]"
Add component (AddParameter): Name = "Manufacturer_Part_Number"; Value = "CC0603KRX7R8BB104"; VariantName = "[No Variations]"
Add component (AddParameter): Name = "Mouser Part Number"; Value = "603-CC603KRX7R8BB104"; VariantName = "[No Variations]"
Add component (AddParameter): Name = "Mouser Price/Stock"; Value = "https://www.mouser.co.uk/ProductDetail/Yageo/CC0603KRX7R8BB104?qs=AgBp2OyFlx%252B4QOgEm%2Fb3YQ%3D%3D"; VariantName = "[No Variations]"
Add component: Footprint Not Found SOD2513X120N
Add component: Footprint Not Found SOD2513X120N
Add component: Footprint Not Found SOD2513X120N
Add component: Footprint Not Found SOD2513X120N
Add component: Footprint Not Found SOD2513X120N
Add component: Footprint Not Found SOD2513X120N
Add component: Footprint Not Found DIOM5436X330N
Add component: Footprint Not Found BEADC2012X105N
Add component: Footprint Not Found HDRV5W64P0X254_1X5_1270X254X854P
Add component: Footprint Not Found LEDM1620X150N
Add component: Footprint Not Found RESC1608X55N
Add component: Footprint Not Found RESC1608X55N
Add component: Footprint Not Found RESC1608X55N
Add component: Footprint Not Found RESC1608X55N
Add component: Footprint Not Found RESC2012X60N
Add component: Footprint Not Found ERJP03_PA3_(0603)
Added Pin To Net: NetName=GND Pin=C1-1
Added Pin To Net: NetName=D+3.3V Pin=C1-2
Added Pin To Net: NetName=GND Pin=C2-1
Added Pin To Net: NetName=D+3.3V Pin=C2-2
Added Pin To Net: NetName=GND Pin=C3-1
Added Pin To Net: NetName=D+3.3V Pin=C3-2
Added Pin To Net: NetName=GND Pin=C4-1
Added Pin To Net: NetName=D+3.3V Pin=C4-2
Added Pin To Net: NetName=GND Pin=C5-1
Added Pin To Net: NetName=D+3.3V Pin=C5-2
Add Pin To Net: Unknown Pin: Pin C6-1
Add Pin To Net: Unknown Pin: Pin C6-2
Added Pin To Net: NetName=GND Pin=C7-1
Added Pin To Net: NetName=NetC6_2 Pin=C7-2
Added Pin To Net: NetName=NetC8_1 Pin=C8-1
Added Pin To Net: NetName=GND Pin=C8-2
Added Pin To Net: NetName=NetC9_1 Pin=C9-1
Added Pin To Net: NetName=GND Pin=C9-2
Added Pin To Net: NetName=GND Pin=C10-1
Added Pin To Net: NetName=NetC10_2 Pin=C10-2
Added Pin To Net: NetName=GND Pin=C11-1
Added Pin To Net: NetName=NetC11_2 Pin=C11-2
Added Pin To Net: NetName=D+5V Pin=C35-1
Added Pin To Net: NetName=GND Pin=C35-2
Add Pin To Net: Unknown Pin: Pin D3_0-1
Add Pin To Net: Unknown Pin: Pin D3_0-2
Add Pin To Net: Unknown Pin: Pin D3_1-1
Add Pin To Net: Unknown Pin: Pin D3_1-2
Add Pin To Net: Unknown Pin: Pin D3_2-1
Add Pin To Net: Unknown Pin: Pin D3_2-2
Add Pin To Net: Unknown Pin: Pin D3_3-1
Add Pin To Net: Unknown Pin: Pin D3_3-2
Add Pin To Net: Unknown Pin: Pin D3_4-1
Add Pin To Net: Unknown Pin: Pin D3_4-2
Add Pin To Net: Unknown Pin: Pin D3_5-1
Add Pin To Net: Unknown Pin: Pin D3_5-2
Add Pin To Net: Unknown Pin: Pin D5-1
Add Pin To Net: Unknown Pin: Pin D5-2
Add Pin To Net: Unknown Pin: Pin FB1-1
Add Pin To Net: Unknown Pin: Pin FB1-2
Add Pin To Net: Unknown Pin: Pin J3-1
Add Pin To Net: Unknown Pin: Pin J3-2
Add Pin To Net: Unknown Pin: Pin J3-3
Add Pin To Net: Unknown Pin: Pin J3-4
Add Pin To Net: Unknown Pin: Pin J3-5
Add Pin To Net: Unknown Pin: Pin LED3-1
Add Pin To Net: Unknown Pin: Pin LED3-2
Add Pin To Net: Unknown Pin: Pin R3-1
Add Pin To Net: Unknown Pin: Pin R3-2
Add Pin To Net: Unknown Pin: Pin R4-1
Add Pin To Net: Unknown Pin: Pin R4-2
Add Pin To Net: Unknown Pin: Pin R5-1
Add Pin To Net: Unknown Pin: Pin R5-2
Add Pin To Net: Unknown Pin: Pin R6-1
Add Pin To Net: Unknown Pin: Pin R6-2
Add Pin To Net: Unknown Pin: Pin R17-1
Add Pin To Net: Unknown Pin: Pin R17-2
Add Pin To Net: Unknown Pin: Pin R24-1
Add Pin To Net: Unknown Pin: Pin R24-2
Added Member To Class: ClassName=MCU Member=Component C1 1u
Added Member To Class: ClassName=MCU Member=Component C2 1u
Added Member To Class: ClassName=MCU Member=Component C3 1u
Added Member To Class: ClassName=MCU Member=Component C4 1u
Added Member To Class: ClassName=MCU Member=Component C5 1u
Add Class Member: Failed to add class member : Component C6 10u
Added Member To Class: ClassName=MCU Member=Component C7 1u
Added Member To Class: ClassName=MCU Member=Component C8 8p
Added Member To Class: ClassName=MCU Member=Component C9 8p
Added Member To Class: ClassName=MCU Member=Component C10 2u2
Added Member To Class: ClassName=MCU Member=Component C11 2u2
Added Member To Class: ClassName=Can_Interface Member=Component C35 0.1u
Add Class Member: Failed to add class member : Component D3_0 (D3) DESD5V0U1BA-7
Add Class Member: Failed to add class member : Component D3_1 (D3) DESD5V0U1BA-7
Add Class Member: Failed to add class member : Component D3_2 (D3) DESD5V0U1BA-7
Add Class Member: Failed to add class member : Component D3_3 (D3) DESD5V0U1BA-7
Add Class Member: Failed to add class member : Component D3_4 (D3) DESD5V0U1BA-7
Add Class Member: Failed to add class member : Component D3_5 (D3) DESD5V0U1BA-7
Add Class Member: Failed to add class member : Component D5 0.22 V 1A
Add Class Member: Failed to add class member : Component FB1 ferrite bead 0805
Add Class Member: Failed to add class member : Component J3 61300511121
Add Class Member: Failed to add class member : Component LED3 SML-D12P8WT86C
Add Class Member: Failed to add class member : Component R3 10k
Add Class Member: Failed to add class member : Component R4 10k
Add Class Member: Failed to add class member : Component R5 0
Add Class Member: Failed to add class member : Component R6 0
Add Class Member: Failed to add class member : Component R17 56
Add Class Member: Failed to add class member : Component R24 60.4
