Removed Member From Class: ClassName=Designator6 Member=J1_Designator1
Removed Member From Class: ClassName=Designator4 Member=J1_Designator3
Removed Member From Class: ClassName=Designator2 Member=J1_Designator5
Change Footprint: Footprint Not Found FP-RC1608-IPC_A
Change Footprint: Footprint Not Found FP-RC1608-IPC_A
Change Footprint: Footprint Not Found FP-RC1608-IPC_A
Change Footprint: Footprint Not Found FP-RC1608-IPC_A
Change Footprint: Footprint Not Found FP-RC1608-IPC_A
Change Footprint: Footprint Not Found FP-RC1608-IPC_A
Change Footprint: Footprint Not Found CAPC1608X90N
Change Footprint: Footprint Not Found CAPC1608X90X35LL15T15
Change Footprint: Footprint Not Found CAPC1608X90X35LL15T15
Change Footprint: Footprint Not Found CAPC1608X90X35LL15T15
Change Footprint: Footprint Not Found CAPC1608X90X35LL15T15
Change Footprint: Footprint Not Found CAPC1608X90X35LL15T15
Change Footprint: Footprint Not Found CAPC1608X90X35LL15T15
Change Footprint: Footprint Not Found CAPC1608X90X35LL15T15
Change Footprint: Footprint Not Found CAPC1608X90X35LL15T15
Change Footprint: Footprint Not Found CAPC1608X90X35LL15T15
Change Footprint: Footprint Not Found CAPC1608X90X35LL15T15
Change Footprint: Footprint Not Found CAPC1608X90X35LL15T15
Change Footprint: Footprint Not Found CAPC1608X90X35LL15T15
Change Footprint: Footprint Not Found RESC1608X55X25LL10T15
Change Footprint: Footprint Not Found RESC1608X55X25LL10T15
Change Footprint: Footprint Not Found RESC1608X55X25LL10T15
Change Footprint: Footprint Not Found RESC1608X55X25LL10T15
Change Footprint: Footprint Not Found RESC1608X55X25LL10T15
Change Footprint: Footprint Not Found RESC1608X55X25LL10T15
Change Footprint: Footprint Not Found RESC1608X55X25LL10T15
Change Footprint: Footprint Not Found RESC1608X55X25LL10T15
Change Footprint: Footprint Not Found RESC1608X55X25LL10T15
Change Footprint: Footprint Not Found RESC1608X55X25LL10T15
Change Footprint: Footprint Not Found RESC2012X60N
Change Footprint: Footprint Not Found HDRV5W64P0X254_1X5_1270X254X854P
Add component: Footprint Not Found CAPC1608X90N
Add component: Footprint Not Found CAPC1608X90N
Add component: Footprint Not Found CAPC1608X90N
Add component: Footprint Not Found CAPC1608X90N
Add component: Footprint Not Found CAPC1608X90N
Add component: Footprint Not Found CAPC1608X90N
Add component: Footprint Not Found CAPC1608X90N
Add component: Footprint Not Found SOD2513X120N
Add component: Footprint Not Found SOD2513X120N
Add component: Footprint Not Found SOD2513X120N
Add component: Footprint Not Found SOD2513X120N
Add component: Footprint Not Found SOD2513X120N
Add component: Footprint Not Found SOD2513X120N
Add component: Footprint Not Found DIOM5436X330N
Add component: Footprint Not Found BEADC2012X105N
Add component: Footprint Not Found LEDM1620X150N
Add component: Footprint Not Found ERJP03_PA3_(0603)
Add Pin To Net: Unknown Pin: Pin C12-1
Add Pin To Net: Unknown Pin: Pin C12-2
Add Pin To Net: Unknown Pin: Pin C14-1
Add Pin To Net: Unknown Pin: Pin C14-2
Add Pin To Net: Unknown Pin: Pin C15-1
Add Pin To Net: Unknown Pin: Pin C15-2
Add Pin To Net: Unknown Pin: Pin C16-1
Add Pin To Net: Unknown Pin: Pin C16-2
Add Pin To Net: Unknown Pin: Pin C17-1
Add Pin To Net: Unknown Pin: Pin C17-2
Add Pin To Net: Unknown Pin: Pin C19-1
Add Pin To Net: Unknown Pin: Pin C19-2
Add Pin To Net: Unknown Pin: Pin C20-1
Add Pin To Net: Unknown Pin: Pin C20-2
Add Pin To Net: Unknown Pin: Pin D1_0-1
Add Pin To Net: Unknown Pin: Pin D1_0-2
Add Pin To Net: Unknown Pin: Pin D1_1-1
Add Pin To Net: Unknown Pin: Pin D1_1-2
Add Pin To Net: Unknown Pin: Pin D1_2-1
Add Pin To Net: Unknown Pin: Pin D1_2-2
Add Pin To Net: Unknown Pin: Pin D1_3-1
Add Pin To Net: Unknown Pin: Pin D1_3-2
Add Pin To Net: Unknown Pin: Pin D1_4-1
Add Pin To Net: Unknown Pin: Pin D1_4-2
Add Pin To Net: Unknown Pin: Pin D1_5-1
Add Pin To Net: Unknown Pin: Pin D1_5-2
Add Pin To Net: Unknown Pin: Pin D5-1
Add Pin To Net: Unknown Pin: Pin D5-2
Add Pin To Net: Unknown Pin: Pin FB1-1
Add Pin To Net: Unknown Pin: Pin FB1-2
Add Pin To Net: Unknown Pin: Pin LED3-1
Add Pin To Net: Unknown Pin: Pin LED3-2
Add Pin To Net: Unknown Pin: Pin R24-1
Add Pin To Net: Unknown Pin: Pin R24-2
Add Class Member: Failed to add class member : Component C12 4.7uF
Add Class Member: Failed to add class member : Component C14 22 uF
Add Class Member: Failed to add class member : Component C15 1uF
Add Class Member: Failed to add class member : Component C16 0.1uF
Add Class Member: Failed to add class member : Component C17 22uF
Add Class Member: Failed to add class member : Component C19 0.1uF
Add Class Member: Failed to add class member : Component C20 0.1uF
Add Class Member: Failed to add class member : Component D1_0 (D1) DESD5V0U1BA-7
Add Class Member: Failed to add class member : Component D1_1 (D1) DESD5V0U1BA-7
Add Class Member: Failed to add class member : Component D1_2 (D1) DESD5V0U1BA-7
Add Class Member: Failed to add class member : Component D1_3 (D1) DESD5V0U1BA-7
Add Class Member: Failed to add class member : Component D1_4 (D1) DESD5V0U1BA-7
Add Class Member: Failed to add class member : Component D1_5 (D1) DESD5V0U1BA-7
Add Class Member: Failed to add class member : Component D5 0.22 V 1A
Add Class Member: Failed to add class member : Component FB1 ferrite bead 0805
Added Member To Class: ClassName=Designator2 Member=Component J1_Designator2 (J1) TSW-106-23-F-S
Added Member To Class: ClassName=Designator4 Member=Component J1_Designator4 (J1) TSW-106-23-F-S
Added Member To Class: ClassName=Designator6 Member=Component J1_Designator6 (J1) TSW-106-23-F-S
Add Class Member: Failed to add class member : Component LED3 SML-D12P8WT86C
Add Class Member: Failed to add class member : Component R24 120
