Removed Pin From Net: NetName=+5 Pin=1-1
Removed Pin From Net: NetName=+2V5 Pin=1-2
Removed Pin From Net: NetName=in_UNFLT_5 Pin=1-3
Removed Pin From Net: NetName=GND Pin=1-4
Removed Pin From Net: NetName=GND Pin=1-5
Removed Pin From Net: NetName=GND Pin=1-6
Removed Pin From Net: NetName=+5 Pin=2-1
Removed Pin From Net: NetName=+2V5 Pin=2-2
Removed Pin From Net: NetName=in_UNFLT_4 Pin=2-3
Removed Pin From Net: NetName=GND Pin=2-4
Removed Pin From Net: NetName=GND Pin=2-5
Removed Pin From Net: NetName=GND Pin=2-6
Removed Pin From Net: NetName=+5 Pin=3-1
Removed Pin From Net: NetName=+2V5 Pin=3-2
Removed Pin From Net: NetName=in_UNFLT_3 Pin=3-3
Removed Pin From Net: NetName=GND Pin=3-4
Removed Pin From Net: NetName=GND Pin=3-5
Removed Pin From Net: NetName=GND Pin=3-6
Removed Pin From Net: NetName=+5 Pin=4-1
Removed Pin From Net: NetName=+2V5 Pin=4-2
Removed Pin From Net: NetName=in_UNFLT_2 Pin=4-3
Removed Pin From Net: NetName=GND Pin=4-4
Removed Pin From Net: NetName=GND Pin=4-5
Removed Pin From Net: NetName=GND Pin=4-6
Removed Pin From Net: NetName=+5 Pin=5-1
Removed Pin From Net: NetName=+2V5 Pin=5-2
Removed Pin From Net: NetName=in_UNFLT_1 Pin=5-3
Removed Pin From Net: NetName=GND Pin=5-4
Removed Pin From Net: NetName=GND Pin=5-5
Removed Pin From Net: NetName=GND Pin=5-6
Removed Pin From Net: NetName=+5 Pin=6-1
Removed Pin From Net: NetName=+2V5 Pin=6-2
Removed Pin From Net: NetName=in_UNFLT_0 Pin=6-3
Removed Pin From Net: NetName=GND Pin=6-4
Removed Pin From Net: NetName=GND Pin=6-5
Removed Pin From Net: NetName=GND Pin=6-6
Removed Member From Class: ClassName=Designator1 Member=1
Removed Member From Class: ClassName=Designator2 Member=2
Removed Member From Class: ClassName=Designator3 Member=3
Removed Member From Class: ClassName=Designator4 Member=4
Removed Member From Class: ClassName=Designator5 Member=5
Removed Member From Class: ClassName=Designator6 Member=6
Change Footprint: Footprint Not Found HDRV5W64P0X254_1X5_1270X254X854P
Change Footprint: Footprint Not Found ERJP03_PA3_(0603)
Change Footprint: Footprint Not Found SOD2513X120N
Change Footprint: Footprint Not Found SOD2513X120N
Change Footprint: Footprint Not Found SOD2513X120N
Change Footprint: Footprint Not Found SOD2513X120N
Change Footprint: Footprint Not Found SOD2513X120N
Change Footprint: Footprint Not Found SOD2513X120N
Added Component: Designator=J1_Designator1(FP-SM04B-PASS-TBT_LF_SN-MFG)
Add component (AddParameter): Name = "Automotive"; Value = "No"; VariantName = "[No Variations]"
Add component (AddParameter): Name = "Category"; Value = "Conn"; VariantName = "[No Variations]"
Add component (AddParameter): Name = "ComponentLink2Description"; Value = "Datasheet"; VariantName = "[No Variations]"
Add component (AddParameter): Name = "ComponentLink2URL"; Value = "http://www.jst-mfg.com/product/pdf/eng/ePA-F.pdf"; VariantName = "[No Variations]"
Add component (AddParameter): Name = "Conn Gender"; Value = "Male"; VariantName = "[No Variations]"
Add component (AddParameter): Name = "Conn Orientation"; Value = "Right Angle"; VariantName = "[No Variations]"
Add component (AddParameter): Name = "Contact Material"; Value = "Tin"; VariantName = "[No Variations]"
Add component (AddParameter): Name = "Current Rating"; Value = "3A"; VariantName = "[No Variations]"
Add component (AddParameter): Name = "Device Class L1"; Value = "Connectors"; VariantName = "[No Variations]"
Add component (AddParameter): Name = "Device Class L2"; Value = "Headers and Wire Housings"; VariantName = "[No Variations]"
Add component (AddParameter): Name = "Device Class L3"; Value = "unset"; VariantName = "[No Variations]"
Add component (AddParameter): Name = "Digikey Description"; Value = "CONN HEADER SMD R/A 4POS 2MM"; VariantName = "[No Variations]"
Add component (AddParameter): Name = "Height"; Value = "5.7mm"; VariantName = "[No Variations]"
Add component (AddParameter): Name = "Lead Free"; Value = "Yes"; VariantName = "[No Variations]"
Add component (AddParameter): Name = "Manufacturer"; Value = "JST"; VariantName = "[No Variations]"
Add component (AddParameter): Name = "Manufacturer Part Number"; Value = "SM04B-PASS-TBT(LF)(SN)"; VariantName = "[No Variations]"
Add component (AddParameter): Name = "Number Of Contacts"; Value = "4"; VariantName = "[No Variations]"
Add component (AddParameter): Name = "Number Of Rows"; Value = "1"; VariantName = "[No Variations]"
Add component (AddParameter): Name = "Octopart"; Value = "https://octopart.com/sm04b-pass-tbt%28lf%29%28sn%29-jst-3990422"; VariantName = "[No Variations]"
Add component (AddParameter): Name = "Package"; Value = "SM04B-PASS-TBT(LF)(SN)"; VariantName = "[No Variations]"
Add component (AddParameter): Name = "Pitch"; Value = "2mm"; VariantName = "[No Variations]"
Add component (AddParameter): Name = "RoHS"; Value = "TRUE"; VariantName = "[No Variations]"
Add component (AddParameter): Name = "Temperature"; Value = "-25°C to +85°C"; VariantName = "[No Variations]"
Add component (AddParameter): Name = "Temperature Range High"; Value = "+85°C"; VariantName = "[No Variations]"
Add component (AddParameter): Name = "Temperature Range Low"; Value = "-25°C"; VariantName = "[No Variations]"
Add component (AddParameter): Name = "Voltage Rating"; Value = "250V"; VariantName = "[No Variations]"
Added Component: Designator=J1_Designator2(FP-SM04B-PASS-TBT_LF_SN-MFG)
Add component (AddParameter): Name = "Automotive"; Value = "No"; VariantName = "[No Variations]"
Add component (AddParameter): Name = "Category"; Value = "Conn"; VariantName = "[No Variations]"
Add component (AddParameter): Name = "ComponentLink2Description"; Value = "Datasheet"; VariantName = "[No Variations]"
Add component (AddParameter): Name = "ComponentLink2URL"; Value = "http://www.jst-mfg.com/product/pdf/eng/ePA-F.pdf"; VariantName = "[No Variations]"
Add component (AddParameter): Name = "Conn Gender"; Value = "Male"; VariantName = "[No Variations]"
Add component (AddParameter): Name = "Conn Orientation"; Value = "Right Angle"; VariantName = "[No Variations]"
Add component (AddParameter): Name = "Contact Material"; Value = "Tin"; VariantName = "[No Variations]"
Add component (AddParameter): Name = "Current Rating"; Value = "3A"; VariantName = "[No Variations]"
Add component (AddParameter): Name = "Device Class L1"; Value = "Connectors"; VariantName = "[No Variations]"
Add component (AddParameter): Name = "Device Class L2"; Value = "Headers and Wire Housings"; VariantName = "[No Variations]"
Add component (AddParameter): Name = "Device Class L3"; Value = "unset"; VariantName = "[No Variations]"
Add component (AddParameter): Name = "Digikey Description"; Value = "CONN HEADER SMD R/A 4POS 2MM"; VariantName = "[No Variations]"
Add component (AddParameter): Name = "Height"; Value = "5.7mm"; VariantName = "[No Variations]"
Add component (AddParameter): Name = "Lead Free"; Value = "Yes"; VariantName = "[No Variations]"
Add component (AddParameter): Name = "Manufacturer"; Value = "JST"; VariantName = "[No Variations]"
Add component (AddParameter): Name = "Manufacturer Part Number"; Value = "SM04B-PASS-TBT(LF)(SN)"; VariantName = "[No Variations]"
Add component (AddParameter): Name = "Number Of Contacts"; Value = "4"; VariantName = "[No Variations]"
Add component (AddParameter): Name = "Number Of Rows"; Value = "1"; VariantName = "[No Variations]"
Add component (AddParameter): Name = "Octopart"; Value = "https://octopart.com/sm04b-pass-tbt%28lf%29%28sn%29-jst-3990422"; VariantName = "[No Variations]"
Add component (AddParameter): Name = "Package"; Value = "SM04B-PASS-TBT(LF)(SN)"; VariantName = "[No Variations]"
Add component (AddParameter): Name = "Pitch"; Value = "2mm"; VariantName = "[No Variations]"
Add component (AddParameter): Name = "RoHS"; Value = "TRUE"; VariantName = "[No Variations]"
Add component (AddParameter): Name = "Temperature"; Value = "-25°C to +85°C"; VariantName = "[No Variations]"
Add component (AddParameter): Name = "Temperature Range High"; Value = "+85°C"; VariantName = "[No Variations]"
Add component (AddParameter): Name = "Temperature Range Low"; Value = "-25°C"; VariantName = "[No Variations]"
Add component (AddParameter): Name = "Voltage Rating"; Value = "250V"; VariantName = "[No Variations]"
Added Component: Designator=J1_Designator3(FP-SM04B-PASS-TBT_LF_SN-MFG)
Add component (AddParameter): Name = "Automotive"; Value = "No"; VariantName = "[No Variations]"
Add component (AddParameter): Name = "Category"; Value = "Conn"; VariantName = "[No Variations]"
Add component (AddParameter): Name = "ComponentLink2Description"; Value = "Datasheet"; VariantName = "[No Variations]"
Add component (AddParameter): Name = "ComponentLink2URL"; Value = "http://www.jst-mfg.com/product/pdf/eng/ePA-F.pdf"; VariantName = "[No Variations]"
Add component (AddParameter): Name = "Conn Gender"; Value = "Male"; VariantName = "[No Variations]"
Add component (AddParameter): Name = "Conn Orientation"; Value = "Right Angle"; VariantName = "[No Variations]"
Add component (AddParameter): Name = "Contact Material"; Value = "Tin"; VariantName = "[No Variations]"
Add component (AddParameter): Name = "Current Rating"; Value = "3A"; VariantName = "[No Variations]"
Add component (AddParameter): Name = "Device Class L1"; Value = "Connectors"; VariantName = "[No Variations]"
Add component (AddParameter): Name = "Device Class L2"; Value = "Headers and Wire Housings"; VariantName = "[No Variations]"
Add component (AddParameter): Name = "Device Class L3"; Value = "unset"; VariantName = "[No Variations]"
Add component (AddParameter): Name = "Digikey Description"; Value = "CONN HEADER SMD R/A 4POS 2MM"; VariantName = "[No Variations]"
Add component (AddParameter): Name = "Height"; Value = "5.7mm"; VariantName = "[No Variations]"
Add component (AddParameter): Name = "Lead Free"; Value = "Yes"; VariantName = "[No Variations]"
Add component (AddParameter): Name = "Manufacturer"; Value = "JST"; VariantName = "[No Variations]"
Add component (AddParameter): Name = "Manufacturer Part Number"; Value = "SM04B-PASS-TBT(LF)(SN)"; VariantName = "[No Variations]"
Add component (AddParameter): Name = "Number Of Contacts"; Value = "4"; VariantName = "[No Variations]"
Add component (AddParameter): Name = "Number Of Rows"; Value = "1"; VariantName = "[No Variations]"
Add component (AddParameter): Name = "Octopart"; Value = "https://octopart.com/sm04b-pass-tbt%28lf%29%28sn%29-jst-3990422"; VariantName = "[No Variations]"
Add component (AddParameter): Name = "Package"; Value = "SM04B-PASS-TBT(LF)(SN)"; VariantName = "[No Variations]"
Add component (AddParameter): Name = "Pitch"; Value = "2mm"; VariantName = "[No Variations]"
Add component (AddParameter): Name = "RoHS"; Value = "TRUE"; VariantName = "[No Variations]"
Add component (AddParameter): Name = "Temperature"; Value = "-25°C to +85°C"; VariantName = "[No Variations]"
Add component (AddParameter): Name = "Temperature Range High"; Value = "+85°C"; VariantName = "[No Variations]"
Add component (AddParameter): Name = "Temperature Range Low"; Value = "-25°C"; VariantName = "[No Variations]"
Add component (AddParameter): Name = "Voltage Rating"; Value = "250V"; VariantName = "[No Variations]"
Added Component: Designator=J1_Designator4(FP-SM04B-PASS-TBT_LF_SN-MFG)
Add component (AddParameter): Name = "Automotive"; Value = "No"; VariantName = "[No Variations]"
Add component (AddParameter): Name = "Category"; Value = "Conn"; VariantName = "[No Variations]"
Add component (AddParameter): Name = "ComponentLink2Description"; Value = "Datasheet"; VariantName = "[No Variations]"
Add component (AddParameter): Name = "ComponentLink2URL"; Value = "http://www.jst-mfg.com/product/pdf/eng/ePA-F.pdf"; VariantName = "[No Variations]"
Add component (AddParameter): Name = "Conn Gender"; Value = "Male"; VariantName = "[No Variations]"
Add component (AddParameter): Name = "Conn Orientation"; Value = "Right Angle"; VariantName = "[No Variations]"
Add component (AddParameter): Name = "Contact Material"; Value = "Tin"; VariantName = "[No Variations]"
Add component (AddParameter): Name = "Current Rating"; Value = "3A"; VariantName = "[No Variations]"
Add component (AddParameter): Name = "Device Class L1"; Value = "Connectors"; VariantName = "[No Variations]"
Add component (AddParameter): Name = "Device Class L2"; Value = "Headers and Wire Housings"; VariantName = "[No Variations]"
Add component (AddParameter): Name = "Device Class L3"; Value = "unset"; VariantName = "[No Variations]"
Add component (AddParameter): Name = "Digikey Description"; Value = "CONN HEADER SMD R/A 4POS 2MM"; VariantName = "[No Variations]"
Add component (AddParameter): Name = "Height"; Value = "5.7mm"; VariantName = "[No Variations]"
Add component (AddParameter): Name = "Lead Free"; Value = "Yes"; VariantName = "[No Variations]"
Add component (AddParameter): Name = "Manufacturer"; Value = "JST"; VariantName = "[No Variations]"
Add component (AddParameter): Name = "Manufacturer Part Number"; Value = "SM04B-PASS-TBT(LF)(SN)"; VariantName = "[No Variations]"
Add component (AddParameter): Name = "Number Of Contacts"; Value = "4"; VariantName = "[No Variations]"
Add component (AddParameter): Name = "Number Of Rows"; Value = "1"; VariantName = "[No Variations]"
Add component (AddParameter): Name = "Octopart"; Value = "https://octopart.com/sm04b-pass-tbt%28lf%29%28sn%29-jst-3990422"; VariantName = "[No Variations]"
Add component (AddParameter): Name = "Package"; Value = "SM04B-PASS-TBT(LF)(SN)"; VariantName = "[No Variations]"
Add component (AddParameter): Name = "Pitch"; Value = "2mm"; VariantName = "[No Variations]"
Add component (AddParameter): Name = "RoHS"; Value = "TRUE"; VariantName = "[No Variations]"
Add component (AddParameter): Name = "Temperature"; Value = "-25°C to +85°C"; VariantName = "[No Variations]"
Add component (AddParameter): Name = "Temperature Range High"; Value = "+85°C"; VariantName = "[No Variations]"
Add component (AddParameter): Name = "Temperature Range Low"; Value = "-25°C"; VariantName = "[No Variations]"
Add component (AddParameter): Name = "Voltage Rating"; Value = "250V"; VariantName = "[No Variations]"
Added Component: Designator=J1_Designator5(FP-SM04B-PASS-TBT_LF_SN-MFG)
Add component (AddParameter): Name = "Automotive"; Value = "No"; VariantName = "[No Variations]"
Add component (AddParameter): Name = "Category"; Value = "Conn"; VariantName = "[No Variations]"
Add component (AddParameter): Name = "ComponentLink2Description"; Value = "Datasheet"; VariantName = "[No Variations]"
Add component (AddParameter): Name = "ComponentLink2URL"; Value = "http://www.jst-mfg.com/product/pdf/eng/ePA-F.pdf"; VariantName = "[No Variations]"
Add component (AddParameter): Name = "Conn Gender"; Value = "Male"; VariantName = "[No Variations]"
Add component (AddParameter): Name = "Conn Orientation"; Value = "Right Angle"; VariantName = "[No Variations]"
Add component (AddParameter): Name = "Contact Material"; Value = "Tin"; VariantName = "[No Variations]"
Add component (AddParameter): Name = "Current Rating"; Value = "3A"; VariantName = "[No Variations]"
Add component (AddParameter): Name = "Device Class L1"; Value = "Connectors"; VariantName = "[No Variations]"
Add component (AddParameter): Name = "Device Class L2"; Value = "Headers and Wire Housings"; VariantName = "[No Variations]"
Add component (AddParameter): Name = "Device Class L3"; Value = "unset"; VariantName = "[No Variations]"
Add component (AddParameter): Name = "Digikey Description"; Value = "CONN HEADER SMD R/A 4POS 2MM"; VariantName = "[No Variations]"
Add component (AddParameter): Name = "Height"; Value = "5.7mm"; VariantName = "[No Variations]"
Add component (AddParameter): Name = "Lead Free"; Value = "Yes"; VariantName = "[No Variations]"
Add component (AddParameter): Name = "Manufacturer"; Value = "JST"; VariantName = "[No Variations]"
Add component (AddParameter): Name = "Manufacturer Part Number"; Value = "SM04B-PASS-TBT(LF)(SN)"; VariantName = "[No Variations]"
Add component (AddParameter): Name = "Number Of Contacts"; Value = "4"; VariantName = "[No Variations]"
Add component (AddParameter): Name = "Number Of Rows"; Value = "1"; VariantName = "[No Variations]"
Add component (AddParameter): Name = "Octopart"; Value = "https://octopart.com/sm04b-pass-tbt%28lf%29%28sn%29-jst-3990422"; VariantName = "[No Variations]"
Add component (AddParameter): Name = "Package"; Value = "SM04B-PASS-TBT(LF)(SN)"; VariantName = "[No Variations]"
Add component (AddParameter): Name = "Pitch"; Value = "2mm"; VariantName = "[No Variations]"
Add component (AddParameter): Name = "RoHS"; Value = "TRUE"; VariantName = "[No Variations]"
Add component (AddParameter): Name = "Temperature"; Value = "-25°C to +85°C"; VariantName = "[No Variations]"
Add component (AddParameter): Name = "Temperature Range High"; Value = "+85°C"; VariantName = "[No Variations]"
Add component (AddParameter): Name = "Temperature Range Low"; Value = "-25°C"; VariantName = "[No Variations]"
Add component (AddParameter): Name = "Voltage Rating"; Value = "250V"; VariantName = "[No Variations]"
Added Component: Designator=J1_Designator6(FP-SM04B-PASS-TBT_LF_SN-MFG)
Add component (AddParameter): Name = "Automotive"; Value = "No"; VariantName = "[No Variations]"
Add component (AddParameter): Name = "Category"; Value = "Conn"; VariantName = "[No Variations]"
Add component (AddParameter): Name = "ComponentLink2Description"; Value = "Datasheet"; VariantName = "[No Variations]"
Add component (AddParameter): Name = "ComponentLink2URL"; Value = "http://www.jst-mfg.com/product/pdf/eng/ePA-F.pdf"; VariantName = "[No Variations]"
Add component (AddParameter): Name = "Conn Gender"; Value = "Male"; VariantName = "[No Variations]"
Add component (AddParameter): Name = "Conn Orientation"; Value = "Right Angle"; VariantName = "[No Variations]"
Add component (AddParameter): Name = "Contact Material"; Value = "Tin"; VariantName = "[No Variations]"
Add component (AddParameter): Name = "Current Rating"; Value = "3A"; VariantName = "[No Variations]"
Add component (AddParameter): Name = "Device Class L1"; Value = "Connectors"; VariantName = "[No Variations]"
Add component (AddParameter): Name = "Device Class L2"; Value = "Headers and Wire Housings"; VariantName = "[No Variations]"
Add component (AddParameter): Name = "Device Class L3"; Value = "unset"; VariantName = "[No Variations]"
Add component (AddParameter): Name = "Digikey Description"; Value = "CONN HEADER SMD R/A 4POS 2MM"; VariantName = "[No Variations]"
Add component (AddParameter): Name = "Height"; Value = "5.7mm"; VariantName = "[No Variations]"
Add component (AddParameter): Name = "Lead Free"; Value = "Yes"; VariantName = "[No Variations]"
Add component (AddParameter): Name = "Manufacturer"; Value = "JST"; VariantName = "[No Variations]"
Add component (AddParameter): Name = "Manufacturer Part Number"; Value = "SM04B-PASS-TBT(LF)(SN)"; VariantName = "[No Variations]"
Add component (AddParameter): Name = "Number Of Contacts"; Value = "4"; VariantName = "[No Variations]"
Add component (AddParameter): Name = "Number Of Rows"; Value = "1"; VariantName = "[No Variations]"
Add component (AddParameter): Name = "Octopart"; Value = "https://octopart.com/sm04b-pass-tbt%28lf%29%28sn%29-jst-3990422"; VariantName = "[No Variations]"
Add component (AddParameter): Name = "Package"; Value = "SM04B-PASS-TBT(LF)(SN)"; VariantName = "[No Variations]"
Add component (AddParameter): Name = "Pitch"; Value = "2mm"; VariantName = "[No Variations]"
Add component (AddParameter): Name = "RoHS"; Value = "TRUE"; VariantName = "[No Variations]"
Add component (AddParameter): Name = "Temperature"; Value = "-25°C to +85°C"; VariantName = "[No Variations]"
Add component (AddParameter): Name = "Temperature Range High"; Value = "+85°C"; VariantName = "[No Variations]"
Add component (AddParameter): Name = "Temperature Range Low"; Value = "-25°C"; VariantName = "[No Variations]"
Add component (AddParameter): Name = "Voltage Rating"; Value = "250V"; VariantName = "[No Variations]"
Added Pin To Net: NetName=+5 Pin=J1_Designator1-1
Added Pin To Net: NetName=+2V5 Pin=J1_Designator1-2
Added Pin To Net: NetName=in_UNFLT_5 Pin=J1_Designator1-3
Added Pin To Net: NetName=GND Pin=J1_Designator1-4
Added Pin To Net: NetName=GND Pin=J1_Designator1-5
Added Pin To Net: NetName=GND Pin=J1_Designator1-6
Added Pin To Net: NetName=+5 Pin=J1_Designator2-1
Added Pin To Net: NetName=+2V5 Pin=J1_Designator2-2
Added Pin To Net: NetName=in_UNFLT_4 Pin=J1_Designator2-3
Added Pin To Net: NetName=GND Pin=J1_Designator2-4
Added Pin To Net: NetName=GND Pin=J1_Designator2-5
Added Pin To Net: NetName=GND Pin=J1_Designator2-6
Added Pin To Net: NetName=+5 Pin=J1_Designator3-1
Added Pin To Net: NetName=+2V5 Pin=J1_Designator3-2
Added Pin To Net: NetName=in_UNFLT_3 Pin=J1_Designator3-3
Added Pin To Net: NetName=GND Pin=J1_Designator3-4
Added Pin To Net: NetName=GND Pin=J1_Designator3-5
Added Pin To Net: NetName=GND Pin=J1_Designator3-6
Added Pin To Net: NetName=+5 Pin=J1_Designator4-1
Added Pin To Net: NetName=+2V5 Pin=J1_Designator4-2
Added Pin To Net: NetName=in_UNFLT_2 Pin=J1_Designator4-3
Added Pin To Net: NetName=GND Pin=J1_Designator4-4
Added Pin To Net: NetName=GND Pin=J1_Designator4-5
Added Pin To Net: NetName=GND Pin=J1_Designator4-6
Added Pin To Net: NetName=+5 Pin=J1_Designator5-1
Added Pin To Net: NetName=+2V5 Pin=J1_Designator5-2
Added Pin To Net: NetName=in_UNFLT_1 Pin=J1_Designator5-3
Added Pin To Net: NetName=GND Pin=J1_Designator5-4
Added Pin To Net: NetName=GND Pin=J1_Designator5-5
Added Pin To Net: NetName=GND Pin=J1_Designator5-6
Added Pin To Net: NetName=+5 Pin=J1_Designator6-1
Added Pin To Net: NetName=+2V5 Pin=J1_Designator6-2
Added Pin To Net: NetName=in_UNFLT_0 Pin=J1_Designator6-3
Added Pin To Net: NetName=GND Pin=J1_Designator6-4
Added Pin To Net: NetName=GND Pin=J1_Designator6-5
Added Pin To Net: NetName=GND Pin=J1_Designator6-6
Added Member To Class: ClassName=Designator1 Member=Component J1_Designator1 (J1) SM04B-PASS-TBT(LF)(SN)
Added Member To Class: ClassName=Designator2 Member=Component J1_Designator2 (J1) SM04B-PASS-TBT(LF)(SN)
Added Member To Class: ClassName=Designator3 Member=Component J1_Designator3 (J1) SM04B-PASS-TBT(LF)(SN)
Added Member To Class: ClassName=Designator4 Member=Component J1_Designator4 (J1) SM04B-PASS-TBT(LF)(SN)
Added Member To Class: ClassName=Designator5 Member=Component J1_Designator5 (J1) SM04B-PASS-TBT(LF)(SN)
Added Member To Class: ClassName=Designator6 Member=Component J1_Designator6 (J1) SM04B-PASS-TBT(LF)(SN)
