Removed Pin From Net: NetName=CH0_IN_FLT Pin=CH0_IN-1
Removed Pin From Net: NetName=CH1_IN_FLT Pin=CH1_IN-1
Removed Pin From Net: NetName=CH2_IN_FLT Pin=CH2_IN-1
Removed Pin From Net: NetName=CH3_IN_FLT Pin=CH3_IN-1
Removed Pin From Net: NetName=CH4_IN_FLT Pin=CH4_IN-1
Removed Pin From Net: NetName=CH5_IN_FLT Pin=CH5_IN-1
Change Footprint: Footprint Not Found CAPC1608X90X35LL15T15
Change Footprint: Footprint Not Found CAPC1608X90X35LL15T15
Change Footprint: Footprint Not Found CAPC1608X90X35LL15T15
Change Footprint: Footprint Not Found CAPC1608X90X35LL15T15
Change Footprint: Footprint Not Found CAPC1608X90X35LL15T15
Change Footprint: Footprint Not Found CAPC1608X90X35LL15T15
Change Footprint: Footprint Not Found CAPC1608X90X35LL15T15
Change Footprint: Footprint Not Found CAPC1608X90X35LL15T15
Change Footprint: Footprint Not Found CAPC1608X90X35LL15T15
Change Footprint: Footprint Not Found CAPC1608X90X35LL15T15
Change Footprint: Footprint Not Found CAPC1608X90X35LL15T15
Change Component Designator: OldDesignator=   NewDesignator=C11
Add component: Footprint Not Found CAPC1608X90X35LL15T15
Add component: Footprint Not Found DIOM5436X330N
Add component: Footprint Not Found SOD2513X120N
Add component: Footprint Not Found SOD2513X120N
Add component: Footprint Not Found SOD2513X120N
Add component: Footprint Not Found SOD2513X120N
Add component: Footprint Not Found SOD2513X120N
Add component: Footprint Not Found SOD2513X120N
Add component: Footprint Not Found BEADC2012X105N
Add component: Footprint Not Found HDRV5W64P0X254_1X5_1270X254X854P
Add component: Footprint Not Found LEDM1620X150N
Add component: Footprint Not Found RESC1608X55N
Add component: Footprint Not Found RESC1608X55N
Add component: Footprint Not Found RESC1608X55N
Add component: Footprint Not Found RESC1608X55N
Add component: Footprint Not Found RESC2012X60N
Add component: Footprint Not Found ERJP03_PA3_(0603)
Add component: Footprint Not Found RESC1608X55N
Add component: Footprint Not Found RESC1608X55N
Add component: Footprint Not Found RESC1608X55N
Add component: Footprint Not Found RESC1608X55N
Add component: Footprint Not Found RESC1608X55N
Add component: Footprint Not Found RESC1608X55N
Add Pin To Net: Unknown Pin: Pin C6-1
Add Pin To Net: Unknown Pin: Pin C6-2
Add Pin To Net: Unknown Pin: Pin C?_0-1
Add Pin To Net: Unknown Pin: Pin C?_0-2
Add Pin To Net: Unknown Pin: Pin C?_1-1
Add Pin To Net: Unknown Pin: Pin C?_1-2
Add Pin To Net: Unknown Pin: Pin C?_2-1
Add Pin To Net: Unknown Pin: Pin C?_2-2
Add Pin To Net: Unknown Pin: Pin C?_3-1
Add Pin To Net: Unknown Pin: Pin C?_3-2
Add Pin To Net: Unknown Pin: Pin C?_4-1
Add Pin To Net: Unknown Pin: Pin C?_4-2
Add Pin To Net: Unknown Pin: Pin C?_5-1
Add Pin To Net: Unknown Pin: Pin C?_5-2
Add Pin To Net: Unknown Pin: Pin D5-1
Add Pin To Net: Unknown Pin: Pin D5-2
Add Pin To Net: Unknown Pin: Pin D?_0-1
Add Pin To Net: Unknown Pin: Pin D?_1-1
Add Pin To Net: Unknown Pin: Pin D?_2-1
Add Pin To Net: Unknown Pin: Pin D?_3-1
Add Pin To Net: Unknown Pin: Pin D?_4-1
Add Pin To Net: Unknown Pin: Pin D?_5-1
Add Pin To Net: Unknown Pin: Pin FB1-1
Add Pin To Net: Unknown Pin: Pin FB1-2
Add Pin To Net: Unknown Pin: Pin J3-1
Add Pin To Net: Unknown Pin: Pin J3-2
Add Pin To Net: Unknown Pin: Pin J3-3
Add Pin To Net: Unknown Pin: Pin J3-4
Add Pin To Net: Unknown Pin: Pin J3-5
Add Pin To Net: Unknown Pin: Pin LED3-1
Add Pin To Net: Unknown Pin: Pin LED3-2
Add Pin To Net: Unknown Pin: Pin R3-1
Add Pin To Net: Unknown Pin: Pin R3-2
Add Pin To Net: Unknown Pin: Pin R4-1
Add Pin To Net: Unknown Pin: Pin R4-2
Add Pin To Net: Unknown Pin: Pin R5-1
Add Pin To Net: Unknown Pin: Pin R5-2
Add Pin To Net: Unknown Pin: Pin R6-1
Add Pin To Net: Unknown Pin: Pin R6-2
Add Pin To Net: Unknown Pin: Pin R17-1
Add Pin To Net: Unknown Pin: Pin R17-2
Add Pin To Net: Unknown Pin: Pin R?_0-1
Add Pin To Net: Unknown Pin: Pin R?_1-1
Add Pin To Net: Unknown Pin: Pin R?_2-1
Add Pin To Net: Unknown Pin: Pin R?_3-1
Add Pin To Net: Unknown Pin: Pin R?_4-1
Add Pin To Net: Unknown Pin: Pin R?_5-1
Change Net Name : Old Net Name=CAN1_RX New Net Name=CAN2_N
Change Net Name : Old Net Name=CAN1_TX New Net Name=CAN2_P
Added Pin To Net: NetName=CAN_N Pin=CAN_L-1
Added Pin To Net: NetName=CAN_N Pin=IC5-6
Added Net: Name=CAN_N
Added Pin To Net: NetName=CAN_P Pin=CAN_H-1
Added Pin To Net: NetName=CAN_P Pin=IC5-7
Added Net: Name=CAN_P
Added Pin To Net: NetName=in_UNFLT_0 Pin=CH0_IN-1
Added Net: Name=in_UNFLT_0
Added Pin To Net: NetName=in_UNFLT_1 Pin=CH1_IN-1
Added Net: Name=in_UNFLT_1
Added Pin To Net: NetName=in_UNFLT_2 Pin=CH2_IN-1
Added Net: Name=in_UNFLT_2
Added Pin To Net: NetName=in_UNFLT_3 Pin=CH3_IN-1
Added Net: Name=in_UNFLT_3
Added Pin To Net: NetName=in_UNFLT_4 Pin=CH4_IN-1
Added Net: Name=in_UNFLT_4
Added Pin To Net: NetName=in_UNFLT_5 Pin=CH5_IN-1
Added Net: Name=in_UNFLT_5
Add Class Member: Failed to add class member : Component C6 10u
Add Class Member: Failed to add class member : Component C?_0 (C?) Capacitor
Add Class Member: Failed to add class member : Component C?_1 (C?) Capacitor
Add Class Member: Failed to add class member : Component C?_2 (C?) Capacitor
Add Class Member: Failed to add class member : Component C?_3 (C?) Capacitor
Add Class Member: Failed to add class member : Component C?_4 (C?) Capacitor
Add Class Member: Failed to add class member : Component C?_5 (C?) Capacitor
Add Class Member: Failed to add class member : Component D5 0.22 V 1A
Add Class Member: Failed to add class member : Component D?_0 (D?) DESD5V0U1BA-7
Add Class Member: Failed to add class member : Component D?_1 (D?) DESD5V0U1BA-7
Add Class Member: Failed to add class member : Component D?_2 (D?) DESD5V0U1BA-7
Add Class Member: Failed to add class member : Component D?_3 (D?) DESD5V0U1BA-7
Add Class Member: Failed to add class member : Component D?_4 (D?) DESD5V0U1BA-7
Add Class Member: Failed to add class member : Component D?_5 (D?) DESD5V0U1BA-7
Add Class Member: Failed to add class member : Component FB1 ferrite bead 0805
Add Class Member: Failed to add class member : Component J3 61300511121
Add Class Member: Failed to add class member : Component LED3 SML-D12P8WT86C
Add Class Member: Failed to add class member : Component R3 10k
Add Class Member: Failed to add class member : Component R4 10k
Add Class Member: Failed to add class member : Component R5 0
Add Class Member: Failed to add class member : Component R6 0
Add Class Member: Failed to add class member : Component R17 56
Add Class Member: Failed to add class member : Component R24 120
Add Class Member: Failed to add class member : Component R?_0 (R?) 340
Add Class Member: Failed to add class member : Component R?_1 (R?) 340
Add Class Member: Failed to add class member : Component R?_2 (R?) 340
Add Class Member: Failed to add class member : Component R?_3 (R?) 340
Add Class Member: Failed to add class member : Component R?_4 (R?) 340
Add Class Member: Failed to add class member : Component R?_5 (R?) 340
