Removed Member From Class: ClassName=Designator Member=C12
Removed Member From Class: ClassName=Designator6 Member=J1_Designator1
Removed Member From Class: ClassName=Designator4 Member=J1_Designator3
Removed Member From Class: ClassName=Designator2 Member=J1_Designator5
Change Footprint: Footprint Not Found RESC2012X60N
Added Component: Designator=D1_0(SOD323-L_DIO)
Add component (AddParameter): Name = "Arrow Part Number"; Value = "DESD5V0U1BA-7"; VariantName = "[No Variations]"
Add component (AddParameter): Name = "Arrow Price/Stock"; Value = "https://www.arrow.com/en/products/desd5v0u1ba-7/diodes-incorporated?region=nac"; VariantName = "[No Variations]"
Add component (AddParameter): Name = "Datasheet Link"; Value = "https://www.diodes.com//assets/Datasheets/DESD5V0U1BA.pdf"; VariantName = "[No Variations]"
Add component (AddParameter): Name = "Height"; Value = "1.2mm"; VariantName = "[No Variations]"
Add component (AddParameter): Name = "Manufacturer_Name"; Value = "Diodes Incorporated"; VariantName = "[No Variations]"
Add component (AddParameter): Name = "Manufacturer_Part_Number"; Value = "DESD5V0U1BA-7"; VariantName = "[No Variations]"
Add component (AddParameter): Name = "Mouser Part Number"; Value = "621-DESD5V0U1BA-7"; VariantName = "[No Variations]"
Add component (AddParameter): Name = "Mouser Price/Stock"; Value = "https://www.mouser.co.uk/ProductDetail/Diodes-Incorporated/DESD5V0U1BA-7?qs=wtVJq%252Be05r98RUWcs2LyvQ%3D%3D"; VariantName = "[No Variations]"
Added Component: Designator=D1_1(SOD323-L_DIO)
Add component (AddParameter): Name = "Arrow Part Number"; Value = "DESD5V0U1BA-7"; VariantName = "[No Variations]"
Add component (AddParameter): Name = "Arrow Price/Stock"; Value = "https://www.arrow.com/en/products/desd5v0u1ba-7/diodes-incorporated?region=nac"; VariantName = "[No Variations]"
Add component (AddParameter): Name = "Datasheet Link"; Value = "https://www.diodes.com//assets/Datasheets/DESD5V0U1BA.pdf"; VariantName = "[No Variations]"
Add component (AddParameter): Name = "Height"; Value = "1.2mm"; VariantName = "[No Variations]"
Add component (AddParameter): Name = "Manufacturer_Name"; Value = "Diodes Incorporated"; VariantName = "[No Variations]"
Add component (AddParameter): Name = "Manufacturer_Part_Number"; Value = "DESD5V0U1BA-7"; VariantName = "[No Variations]"
Add component (AddParameter): Name = "Mouser Part Number"; Value = "621-DESD5V0U1BA-7"; VariantName = "[No Variations]"
Add component (AddParameter): Name = "Mouser Price/Stock"; Value = "https://www.mouser.co.uk/ProductDetail/Diodes-Incorporated/DESD5V0U1BA-7?qs=wtVJq%252Be05r98RUWcs2LyvQ%3D%3D"; VariantName = "[No Variations]"
Added Component: Designator=D1_2(SOD323-L_DIO)
Add component (AddParameter): Name = "Arrow Part Number"; Value = "DESD5V0U1BA-7"; VariantName = "[No Variations]"
Add component (AddParameter): Name = "Arrow Price/Stock"; Value = "https://www.arrow.com/en/products/desd5v0u1ba-7/diodes-incorporated?region=nac"; VariantName = "[No Variations]"
Add component (AddParameter): Name = "Datasheet Link"; Value = "https://www.diodes.com//assets/Datasheets/DESD5V0U1BA.pdf"; VariantName = "[No Variations]"
Add component (AddParameter): Name = "Height"; Value = "1.2mm"; VariantName = "[No Variations]"
Add component (AddParameter): Name = "Manufacturer_Name"; Value = "Diodes Incorporated"; VariantName = "[No Variations]"
Add component (AddParameter): Name = "Manufacturer_Part_Number"; Value = "DESD5V0U1BA-7"; VariantName = "[No Variations]"
Add component (AddParameter): Name = "Mouser Part Number"; Value = "621-DESD5V0U1BA-7"; VariantName = "[No Variations]"
Add component (AddParameter): Name = "Mouser Price/Stock"; Value = "https://www.mouser.co.uk/ProductDetail/Diodes-Incorporated/DESD5V0U1BA-7?qs=wtVJq%252Be05r98RUWcs2LyvQ%3D%3D"; VariantName = "[No Variations]"
Added Component: Designator=D1_3(SOD323-L_DIO)
Add component (AddParameter): Name = "Arrow Part Number"; Value = "DESD5V0U1BA-7"; VariantName = "[No Variations]"
Add component (AddParameter): Name = "Arrow Price/Stock"; Value = "https://www.arrow.com/en/products/desd5v0u1ba-7/diodes-incorporated?region=nac"; VariantName = "[No Variations]"
Add component (AddParameter): Name = "Datasheet Link"; Value = "https://www.diodes.com//assets/Datasheets/DESD5V0U1BA.pdf"; VariantName = "[No Variations]"
Add component (AddParameter): Name = "Height"; Value = "1.2mm"; VariantName = "[No Variations]"
Add component (AddParameter): Name = "Manufacturer_Name"; Value = "Diodes Incorporated"; VariantName = "[No Variations]"
Add component (AddParameter): Name = "Manufacturer_Part_Number"; Value = "DESD5V0U1BA-7"; VariantName = "[No Variations]"
Add component (AddParameter): Name = "Mouser Part Number"; Value = "621-DESD5V0U1BA-7"; VariantName = "[No Variations]"
Add component (AddParameter): Name = "Mouser Price/Stock"; Value = "https://www.mouser.co.uk/ProductDetail/Diodes-Incorporated/DESD5V0U1BA-7?qs=wtVJq%252Be05r98RUWcs2LyvQ%3D%3D"; VariantName = "[No Variations]"
Added Component: Designator=D1_4(SOD323-L_DIO)
Add component (AddParameter): Name = "Arrow Part Number"; Value = "DESD5V0U1BA-7"; VariantName = "[No Variations]"
Add component (AddParameter): Name = "Arrow Price/Stock"; Value = "https://www.arrow.com/en/products/desd5v0u1ba-7/diodes-incorporated?region=nac"; VariantName = "[No Variations]"
Add component (AddParameter): Name = "Datasheet Link"; Value = "https://www.diodes.com//assets/Datasheets/DESD5V0U1BA.pdf"; VariantName = "[No Variations]"
Add component (AddParameter): Name = "Height"; Value = "1.2mm"; VariantName = "[No Variations]"
Add component (AddParameter): Name = "Manufacturer_Name"; Value = "Diodes Incorporated"; VariantName = "[No Variations]"
Add component (AddParameter): Name = "Manufacturer_Part_Number"; Value = "DESD5V0U1BA-7"; VariantName = "[No Variations]"
Add component (AddParameter): Name = "Mouser Part Number"; Value = "621-DESD5V0U1BA-7"; VariantName = "[No Variations]"
Add component (AddParameter): Name = "Mouser Price/Stock"; Value = "https://www.mouser.co.uk/ProductDetail/Diodes-Incorporated/DESD5V0U1BA-7?qs=wtVJq%252Be05r98RUWcs2LyvQ%3D%3D"; VariantName = "[No Variations]"
Added Component: Designator=D1_5(SOD323-L_DIO)
Add component (AddParameter): Name = "Arrow Part Number"; Value = "DESD5V0U1BA-7"; VariantName = "[No Variations]"
Add component (AddParameter): Name = "Arrow Price/Stock"; Value = "https://www.arrow.com/en/products/desd5v0u1ba-7/diodes-incorporated?region=nac"; VariantName = "[No Variations]"
Add component (AddParameter): Name = "Datasheet Link"; Value = "https://www.diodes.com//assets/Datasheets/DESD5V0U1BA.pdf"; VariantName = "[No Variations]"
Add component (AddParameter): Name = "Height"; Value = "1.2mm"; VariantName = "[No Variations]"
Add component (AddParameter): Name = "Manufacturer_Name"; Value = "Diodes Incorporated"; VariantName = "[No Variations]"
Add component (AddParameter): Name = "Manufacturer_Part_Number"; Value = "DESD5V0U1BA-7"; VariantName = "[No Variations]"
Add component (AddParameter): Name = "Mouser Part Number"; Value = "621-DESD5V0U1BA-7"; VariantName = "[No Variations]"
Add component (AddParameter): Name = "Mouser Price/Stock"; Value = "https://www.mouser.co.uk/ProductDetail/Diodes-Incorporated/DESD5V0U1BA-7?qs=wtVJq%252Be05r98RUWcs2LyvQ%3D%3D"; VariantName = "[No Variations]"
Added Component: Designator=FB1(FP-RC2012-IPC_A)
Add component (AddParameter): Name = "Arrow Part Number"; Value = "FBMJ2125HS250NT"; VariantName = "[No Variations]"
Add component (AddParameter): Name = "Arrow Price/Stock"; Value = "null?region=nac"; VariantName = "[No Variations]"
Add component (AddParameter): Name = "Datasheet Link"; Value = "https://mouser.componentsearchengine.com/Datasheets/1/FBMJ2125HS250NT.pdf"; VariantName = "[No Variations]"
Add component (AddParameter): Name = "Height"; Value = "1.05mm"; VariantName = "[No Variations]"
Add component (AddParameter): Name = "Manufacturer_Name"; Value = "TAIYO YUDEN"; VariantName = "[No Variations]"
Add component (AddParameter): Name = "Manufacturer_Part_Number"; Value = "FBMJ2125HS250NT"; VariantName = "[No Variations]"
Add component (AddParameter): Name = "Mouser Part Number"; Value = "963-FBMJ2125HS250NT"; VariantName = "[No Variations]"
Add component (AddParameter): Name = "Mouser Price/Stock"; Value = "https://www.mouser.co.uk/ProductDetail/TAIYO-YUDEN/FBMJ2125HS250NT?qs=I6KAKw0tg2w%2F7qNkMvc%2FCQ%3D%3D"; VariantName = "[No Variations]"
Added Component: Designator=R6(RESC1608X55X25LL10T15)
Add component (AddParameter): Name = "Arrow Part Number"; Value = "ERJ-PA3F60R4V"; VariantName = "[No Variations]"
Add component (AddParameter): Name = "Arrow Price/Stock"; Value = "https://www.arrow.com/en/products/erj-pa3f60r4v/panasonic"; VariantName = "[No Variations]"
Add component (AddParameter): Name = "Datasheet Link"; Value = "https://industrial.panasonic.com/cdbs/www-data/pdf/RDO0000/AOA0000C331.pdf"; VariantName = "[No Variations]"
Add component (AddParameter): Name = "Height"; Value = "0.55mm"; VariantName = "[No Variations]"
Add component (AddParameter): Name = "Manufacturer_Name"; Value = "Panasonic"; VariantName = "[No Variations]"
Add component (AddParameter): Name = "Manufacturer_Part_Number"; Value = "ERJ-PA3F60R4V"; VariantName = "[No Variations]"
Add component (AddParameter): Name = "Mouser Part Number"; Value = "667-ERJ-PA3F60R4V"; VariantName = "[No Variations]"
Add component (AddParameter): Name = "Mouser Price/Stock"; Value = "https://www.mouser.co.uk/ProductDetail/Panasonic/ERJ-PA3F60R4V/?qs=BzJM0faLVqVCXA%252Bk%2FOWiUA%3D%3D"; VariantName = "[No Variations]"
Added Pin To Net: NetName=GND Pin=D1_0-1
Added Pin To Net: NetName=in_UNFLT_0 Pin=D1_0-2
Added Pin To Net: NetName=GND Pin=D1_1-1
Added Pin To Net: NetName=in_UNFLT_1 Pin=D1_1-2
Added Pin To Net: NetName=GND Pin=D1_2-1
Added Pin To Net: NetName=in_UNFLT_2 Pin=D1_2-2
Added Pin To Net: NetName=GND Pin=D1_3-1
Added Pin To Net: NetName=in_UNFLT_3 Pin=D1_3-2
Added Pin To Net: NetName=GND Pin=D1_4-1
Added Pin To Net: NetName=in_UNFLT_4 Pin=D1_4-2
Added Pin To Net: NetName=GND Pin=D1_5-1
Added Pin To Net: NetName=in_UNFLT_5 Pin=D1_5-2
Added Pin To Net: NetName=NetC5_2 Pin=FB1-1
Added Pin To Net: NetName=D+3.3V Pin=FB1-2
Added Pin To Net: NetName=CAN2_N Pin=R6-1
Added Pin To Net: NetName=CAN2_P Pin=R6-2
Added Member To Class: ClassName=0 Member=Component D1_0 (D1) DESD5V0U1BA-7
Added Member To Class: ClassName=1 Member=Component D1_1 (D1) DESD5V0U1BA-7
Added Member To Class: ClassName=2 Member=Component D1_2 (D1) DESD5V0U1BA-7
Added Member To Class: ClassName=3 Member=Component D1_3 (D1) DESD5V0U1BA-7
Added Member To Class: ClassName=4 Member=Component D1_4 (D1) DESD5V0U1BA-7
Added Member To Class: ClassName=5 Member=Component D1_5 (D1) DESD5V0U1BA-7
Added Member To Class: ClassName=MCU Member=Component FB1 ferrite bead 0805
Added Member To Class: ClassName=Designator2 Member=Component J1_Designator2 (J1) TSW-106-23-F-S
Added Member To Class: ClassName=Designator4 Member=Component J1_Designator4 (J1) TSW-106-23-F-S
Added Member To Class: ClassName=Designator6 Member=Component J1_Designator6 (J1) TSW-106-23-F-S
Added Member To Class: ClassName=Can_Interface Member=Component R6 120
