Add component: Footprint Not Found CAPC1608X90N
Add component: Footprint Not Found CAPC1608X90N
Add component: Footprint Not Found CAPC1608X90N
Add component: Footprint Not Found CAPC1608X90N
Add component: Footprint Not Found CAPC1608X90N
Add component: Footprint Not Found GRM18x
Add component: Footprint Not Found CAPC1608X90N
Add component: Footprint Not Found CAPC1608X90N
Add component: Footprint Not Found CAPC1608X90N
Add component: Footprint Not Found CAPC1608X90N
Add component: Footprint Not Found CAPC1608X90N
Add component: Footprint Not Found CAPC1608X90N
Add component: Footprint Not Found SOD2513X120N
Add component: Footprint Not Found SOD2513X120N
Add component: Footprint Not Found SOD2513X120N
Add component: Footprint Not Found SOD2513X120N
Add component: Footprint Not Found SOD2513X120N
Add component: Footprint Not Found SOD2513X120N
Add component: Footprint Not Found DIOM5436X330N
Add component: Footprint Not Found BEADC2012X105N
Add component: Footprint Not Found SOIC127P600X175-8N
Add component: Footprint Not Found HDRV5W64P0X254_1X5_1270X254X854P
Add component: Footprint Not Found LEDM1620X150N
Add component: Footprint Not Found RESC1608X55N
Add component: Footprint Not Found RESC1608X55N
Add component: Footprint Not Found RESC1608X55N
Add component: Footprint Not Found RESC1608X55N
Add component: Footprint Not Found RESC2012X60N
Add component: Footprint Not Found ERJP03_PA3_(0603)
Added Component: Designator=UART_RX(KSTN-5003)
Add component (AddParameter): Name = "Case/Package"; Value = "5003"; VariantName = "[No Variations]"
Add component (AddParameter): Name = "Colour"; Value = "Orange"; VariantName = "[No Variations]"
Add component (AddParameter): Name = "Connector Type"; Value = "TestPoint"; VariantName = "[No Variations]"
Add component (AddParameter): Name = "Contact Material"; Value = "Bronze"; VariantName = "[No Variations]"
Add component (AddParameter): Name = "Contact Plating"; Value = "Tin"; VariantName = "[No Variations]"
Add component (AddParameter): Name = "Datasheet URL"; Value = "http://keyelco.com/userAssets/file/M65p56.pdf"; VariantName = "[No Variations]"
Add component (AddParameter): Name = "Datasheet Version"; Value = "Jun-15"; VariantName = "[No Variations]"
Add component (AddParameter): Name = "Diameter"; Value = "2.54mm"; VariantName = "[No Variations]"
Add component (AddParameter): Name = "Gender"; Value = ""; VariantName = "[No Variations]"
Add component (AddParameter): Name = "Manufacturer"; Value = "Keystone"; VariantName = "[No Variations]"
Add component (AddParameter): Name = "Manufacturer URL"; Value = "http://www.keyelco.com/"; VariantName = "[No Variations]"
Add component (AddParameter): Name = "Max Current Rating"; Value = ""; VariantName = "[No Variations]"
Add component (AddParameter): Name = "Max Operating Temperature"; Value = ""; VariantName = "[No Variations]"
Add component (AddParameter): Name = "Min Operating Temperature"; Value = ""; VariantName = "[No Variations]"
Add component (AddParameter): Name = "Mounting Technology"; Value = "TH"; VariantName = "[No Variations]"
Add component (AddParameter): Name = "Package Description"; Value = "1-Pin Through Hole Device, Dia 2.54 mm"; VariantName = "[No Variations]"
Add component (AddParameter): Name = "Package Quantity"; Value = "10"; VariantName = "[No Variations]"
Add component (AddParameter): Name = "Package Reference"; Value = "5003"; VariantName = "[No Variations]"
Add component (AddParameter): Name = "Packaging"; Value = "Bulk"; VariantName = "[No Variations]"
Add component (AddParameter): Name = "Pins"; Value = "1"; VariantName = "[No Variations]"
Add component (AddParameter): Name = "RoHS Compliant"; Value = "True"; VariantName = "[No Variations]"
Add component (AddParameter): Name = "Voltage Rating"; Value = ""; VariantName = "[No Variations]"
Added Component: Designator=UART_TX(KSTN-5003)
Add component (AddParameter): Name = "Case/Package"; Value = "5003"; VariantName = "[No Variations]"
Add component (AddParameter): Name = "Colour"; Value = "Orange"; VariantName = "[No Variations]"
Add component (AddParameter): Name = "Connector Type"; Value = "TestPoint"; VariantName = "[No Variations]"
Add component (AddParameter): Name = "Contact Material"; Value = "Bronze"; VariantName = "[No Variations]"
Add component (AddParameter): Name = "Contact Plating"; Value = "Tin"; VariantName = "[No Variations]"
Add component (AddParameter): Name = "Datasheet URL"; Value = "http://keyelco.com/userAssets/file/M65p56.pdf"; VariantName = "[No Variations]"
Add component (AddParameter): Name = "Datasheet Version"; Value = "Jun-15"; VariantName = "[No Variations]"
Add component (AddParameter): Name = "Diameter"; Value = "2.54mm"; VariantName = "[No Variations]"
Add component (AddParameter): Name = "Gender"; Value = ""; VariantName = "[No Variations]"
Add component (AddParameter): Name = "Manufacturer"; Value = "Keystone"; VariantName = "[No Variations]"
Add component (AddParameter): Name = "Manufacturer URL"; Value = "http://www.keyelco.com/"; VariantName = "[No Variations]"
Add component (AddParameter): Name = "Max Current Rating"; Value = ""; VariantName = "[No Variations]"
Add component (AddParameter): Name = "Max Operating Temperature"; Value = ""; VariantName = "[No Variations]"
Add component (AddParameter): Name = "Min Operating Temperature"; Value = ""; VariantName = "[No Variations]"
Add component (AddParameter): Name = "Mounting Technology"; Value = "TH"; VariantName = "[No Variations]"
Add component (AddParameter): Name = "Package Description"; Value = "1-Pin Through Hole Device, Dia 2.54 mm"; VariantName = "[No Variations]"
Add component (AddParameter): Name = "Package Quantity"; Value = "10"; VariantName = "[No Variations]"
Add component (AddParameter): Name = "Package Reference"; Value = "5003"; VariantName = "[No Variations]"
Add component (AddParameter): Name = "Packaging"; Value = "Bulk"; VariantName = "[No Variations]"
Add component (AddParameter): Name = "Pins"; Value = "1"; VariantName = "[No Variations]"
Add component (AddParameter): Name = "RoHS Compliant"; Value = "True"; VariantName = "[No Variations]"
Add component (AddParameter): Name = "Voltage Rating"; Value = ""; VariantName = "[No Variations]"
Add Pin To Net: Unknown Pin: Pin C1-1
Add Pin To Net: Unknown Pin: Pin C1-2
Add Pin To Net: Unknown Pin: Pin C2-1
Add Pin To Net: Unknown Pin: Pin C2-2
Add Pin To Net: Unknown Pin: Pin C3-1
Add Pin To Net: Unknown Pin: Pin C3-2
Add Pin To Net: Unknown Pin: Pin C4-1
Add Pin To Net: Unknown Pin: Pin C4-2
Add Pin To Net: Unknown Pin: Pin C5-1
Add Pin To Net: Unknown Pin: Pin C5-2
Add Pin To Net: Unknown Pin: Pin C6-1
Add Pin To Net: Unknown Pin: Pin C6-2
Add Pin To Net: Unknown Pin: Pin C7-1
Add Pin To Net: Unknown Pin: Pin C7-2
Add Pin To Net: Unknown Pin: Pin C8-1
Add Pin To Net: Unknown Pin: Pin C8-2
Add Pin To Net: Unknown Pin: Pin C9-1
Add Pin To Net: Unknown Pin: Pin C9-2
Add Pin To Net: Unknown Pin: Pin C10-1
Add Pin To Net: Unknown Pin: Pin C10-2
Add Pin To Net: Unknown Pin: Pin C11-1
Add Pin To Net: Unknown Pin: Pin C11-2
Add Pin To Net: Unknown Pin: Pin C35-1
Add Pin To Net: Unknown Pin: Pin C35-2
Add Pin To Net: Unknown Pin: Pin D3_0-1
Add Pin To Net: Unknown Pin: Pin D3_0-2
Add Pin To Net: Unknown Pin: Pin D3_1-1
Add Pin To Net: Unknown Pin: Pin D3_1-2
Add Pin To Net: Unknown Pin: Pin D3_2-1
Add Pin To Net: Unknown Pin: Pin D3_2-2
Add Pin To Net: Unknown Pin: Pin D3_3-1
Add Pin To Net: Unknown Pin: Pin D3_3-2
Add Pin To Net: Unknown Pin: Pin D3_4-1
Add Pin To Net: Unknown Pin: Pin D3_4-2
Add Pin To Net: Unknown Pin: Pin D3_5-1
Add Pin To Net: Unknown Pin: Pin D3_5-2
Add Pin To Net: Unknown Pin: Pin D5-1
Add Pin To Net: Unknown Pin: Pin D5-2
Add Pin To Net: Unknown Pin: Pin FB1-1
Add Pin To Net: Unknown Pin: Pin FB1-2
Add Pin To Net: Unknown Pin: Pin IC5-1
Add Pin To Net: Unknown Pin: Pin IC5-2
Add Pin To Net: Unknown Pin: Pin IC5-3
Add Pin To Net: Unknown Pin: Pin IC5-4
Add Pin To Net: Unknown Pin: Pin IC5-6
Add Pin To Net: Unknown Pin: Pin IC5-7
Add Pin To Net: Unknown Pin: Pin IC5-8
Add Pin To Net: Unknown Pin: Pin J3-1
Add Pin To Net: Unknown Pin: Pin J3-2
Add Pin To Net: Unknown Pin: Pin J3-3
Add Pin To Net: Unknown Pin: Pin J3-4
Add Pin To Net: Unknown Pin: Pin J3-5
Add Pin To Net: Unknown Pin: Pin LED3-1
Add Pin To Net: Unknown Pin: Pin LED3-2
Add Pin To Net: Unknown Pin: Pin R3-1
Add Pin To Net: Unknown Pin: Pin R3-2
Add Pin To Net: Unknown Pin: Pin R4-1
Add Pin To Net: Unknown Pin: Pin R4-2
Add Pin To Net: Unknown Pin: Pin R5-1
Add Pin To Net: Unknown Pin: Pin R5-2
Add Pin To Net: Unknown Pin: Pin R6-1
Add Pin To Net: Unknown Pin: Pin R6-2
Add Pin To Net: Unknown Pin: Pin R17-1
Add Pin To Net: Unknown Pin: Pin R17-2
Add Pin To Net: Unknown Pin: Pin R24-1
Add Pin To Net: Unknown Pin: Pin R24-2
Added Pin To Net: NetName=NetU1_42 Pin=U1-42
Added Pin To Net: NetName=NetU1_42 Pin=UART_TX-1
Added Net: Name=NetU1_42
Added Pin To Net: NetName=NetU1_43 Pin=U1-43
Added Pin To Net: NetName=NetU1_43 Pin=UART_RX-1
Added Net: Name=NetU1_43
Add Class Member: Failed to add class member : Component C1 1u
Add Class Member: Failed to add class member : Component C2 1u
Add Class Member: Failed to add class member : Component C3 1u
Add Class Member: Failed to add class member : Component C4 1u
Add Class Member: Failed to add class member : Component C5 1u
Add Class Member: Failed to add class member : Component C6 10u
Add Class Member: Failed to add class member : Component C7 1u
Add Class Member: Failed to add class member : Component C8 8p
Add Class Member: Failed to add class member : Component C9 8p
Add Class Member: Failed to add class member : Component C10 2u2
Add Class Member: Failed to add class member : Component C11 2u2
Add Class Member: Failed to add class member : Component C35 0.1u
Add Class Member: Failed to add class member : Component D3_0 (D3) DESD5V0U1BA-7
Add Class Member: Failed to add class member : Component D3_1 (D3) DESD5V0U1BA-7
Add Class Member: Failed to add class member : Component D3_2 (D3) DESD5V0U1BA-7
Add Class Member: Failed to add class member : Component D3_3 (D3) DESD5V0U1BA-7
Add Class Member: Failed to add class member : Component D3_4 (D3) DESD5V0U1BA-7
Add Class Member: Failed to add class member : Component D3_5 (D3) DESD5V0U1BA-7
Add Class Member: Failed to add class member : Component D5 0.22 V 1A
Add Class Member: Failed to add class member : Component FB1 ferrite bead 0805
Add Class Member: Failed to add class member : Component IC5 ATA6560-GAQW-N
Add Class Member: Failed to add class member : Component J3 61300511121
Add Class Member: Failed to add class member : Component LED3 SML-D12P8WT86C
Add Class Member: Failed to add class member : Component R3 10k
Add Class Member: Failed to add class member : Component R4 10k
Add Class Member: Failed to add class member : Component R5 0
Add Class Member: Failed to add class member : Component R6 0
Add Class Member: Failed to add class member : Component R17 56
Add Class Member: Failed to add class member : Component R24 60.4
Added Member To Class: ClassName=MCU Member=Component UART_RX 5003
Added Member To Class: ClassName=MCU Member=Component UART_TX 5003
