Remove Pin from Net: Failed to remove Pin
Remove Pin from Net: Failed to remove Pin
Removed Pin From Net: NetName=D+3.3V Pin=C18-1
Removed Pin From Net: NetName=GND Pin=D1-1
Remove Pin from Net: Failed to remove Pin
Remove Pin from Net: Failed to remove Pin
Remove Pin from Net: Failed to remove Pin
Remove Pin from Net: Failed to remove Pin
Remove Pin from Net: Failed to remove Pin
Remove Pin from Net: Failed to remove Pin
Removed Pin From Net: NetName=in_UNFLT_4 Pin=D1-2
Removed Pin From Net: NetName=D+3.3V Pin=U3-5
Removed Member From Class: ClassName=1 Member=C11
Removed Member From Class: ClassName=2 Member=C11
Removed Member From Class: ClassName=5 Member=C11
Removed Member From Class: ClassName=0 Member=D1
Removed Member From Class: ClassName=1 Member=D1
Removed Member From Class: ClassName=3 Member=D1
Removed Member From Class: ClassName=4 Member=D1
Removed Member From Class: ClassName=5 Member=D1
Removed Member From Class: ClassName=Can_Interface Member=D1
Removed Member From Class: ClassName=1 Member=R8
Removed Member From Class: ClassName=2 Member=R8
Removed Member From Class: ClassName=4 Member=R8
Change Component Footprint: Designator=D1_2 Old Footprint=SOD323-L_DIO New Footprint=SC1103C01UTG
Change Component Comment : Designator=D1_2 Old Comment=DESD5V0U1BA-7 New Comment=SC1103C-01UTG
Change Component Designator: OldDesignator= NewDesignator=C11_0
Change Component Designator: OldDesignator= NewDesignator=R8_0
Change Component Designator: OldDesignator= NewDesignator=R8_5
Change Component Designator: OldDesignator=1 NewDesignator=J1_Designator1
Change Component Designator: OldDesignator=2 NewDesignator=J1_Designator2
Change Component Designator: OldDesignator=3 NewDesignator=J1_Designator3
Change Component Designator: OldDesignator=4 NewDesignator=J1_Designator4
Change Component Designator: OldDesignator=5 NewDesignator=J1_Designator5
Change Component Designator: OldDesignator=6 NewDesignator=J1_Designator6
Change Component Designator: OldDesignator=C11 NewDesignator=C11_1
Change Component Designator: OldDesignator=C11 NewDesignator=C11_2
Change Component Designator: OldDesignator=C11 NewDesignator=C11_3
Change Component Designator: OldDesignator=C11 NewDesignator=C11_4
Change Component Designator: OldDesignator=C11 NewDesignator=C11_5
Change Component Designator: OldDesignator=R8 NewDesignator=R8_1
Change Component Designator: OldDesignator=R8 NewDesignator=R8_2
Change Component Designator: OldDesignator=R8 NewDesignator=R8_3
Change Component Designator: OldDesignator=R8 NewDesignator=R8_4
Change component parameters: Designator = "D1_2" ("D1"); Footprint = "SOD323-L_DIO"; UniqueID = "\HSMIWRBP\OYYCOEYQ\KQOPRZLL" ("\HSMIWRBP\OYYCOEYQ\KQOPRZLL")
Change component parameters (AddParameter): Name = "Arrow Part Number"; Value = "SC1103C-01UTG"; VariantName = "[No Variations]"
Change component parameters (AddParameter): Name = "Arrow Price/Stock"; Value = "null?region=nac"; VariantName = "[No Variations]"
Change component parameters (AddParameter): Name = "Datasheet Link"; Value = "https://www.littelfuse.com/media?resourcetype=datasheets&itemid=00ca821d-8080-42f3-aae6-7cab4684d809&filename=littelfuse-tvs-diode-array-sc1103c-01utg-datasheet-1"; VariantName = "[No Variations]"
Change component parameters (AddParameter): Name = "Height"; Value = "0.55mm"; VariantName = "[No Variations]"
Change component parameters (AddParameter): Name = "Manufacturer_Name"; Value = "LITTELFUSE"; VariantName = "[No Variations]"
Change component parameters (AddParameter): Name = "Manufacturer_Part_Number"; Value = "SC1103C-01UTG"; VariantName = "[No Variations]"
Change component parameters (AddParameter): Name = "Mouser Part Number"; Value = "576-SC1103C-01UTG"; VariantName = "[No Variations]"
Change component parameters (AddParameter): Name = "Mouser Price/Stock"; Value = "https://www.mouser.co.uk/ProductDetail/Littelfuse/SC1103C-01UTG?qs=Rp5uXu7WBW8S8u%2FopEdSug%3D%3D"; VariantName = "[No Variations]"
Added Component: Designator=C12(FP-CC0603-DA-MFG)
Add component (AddParameter): Name = "Automotive"; Value = "No"; VariantName = "[No Variations]"
Add component (AddParameter): Name = "Capacitance"; Value = "100 nF"; VariantName = "[No Variations]"
Add component (AddParameter): Name = "Category"; Value = "Cap"; VariantName = "[No Variations]"
Add component (AddParameter): Name = "ComponentLink2Description"; Value = "Datasheet"; VariantName = "[No Variations]"
Add component (AddParameter): Name = "ComponentLink2URL"; Value = "http://www.yageo.com/documents/recent/UPY-GPHC_X7R_6.3V-to-50V_18.pdf"; VariantName = "[No Variations]"
Add component (AddParameter): Name = "Device Class L1"; Value = "Passive Components"; VariantName = "[No Variations]"
Add component (AddParameter): Name = "Device Class L2"; Value = "Capacitors"; VariantName = "[No Variations]"
Add component (AddParameter): Name = "Device Class L3"; Value = "Ceramic Capacitors"; VariantName = "[No Variations]"
Add component (AddParameter): Name = "Digikey Description"; Value = "CAP CER 0.1UF 50V X7R 0603"; VariantName = "[No Variations]"
Add component (AddParameter): Name = "Footprint Url"; Value = "http://www.yageo.com/exep/pages/download/literatures/UPY-C_GEN_24.pdf"; VariantName = "[No Variations]"
Add component (AddParameter): Name = "Height"; Value = "0.9mm"; VariantName = "[No Variations]"
Add component (AddParameter): Name = "Lead Free"; Value = "Yes"; VariantName = "[No Variations]"
Add component (AddParameter): Name = "Manufacturer"; Value = "YAGEO"; VariantName = "[No Variations]"
Add component (AddParameter): Name = "Manufacturer Part Number"; Value = "CC0603MRX7R9BB104"; VariantName = "[No Variations]"
Add component (AddParameter): Name = "Material"; Value = "Ceramic"; VariantName = "[No Variations]"
Add component (AddParameter): Name = "Mouser Description"; Value = "Cap Ceramic 50V 20% +Tol 20% -Tol X7R 15% TC 0.1uF SMD 0603"; VariantName = "[No Variations]"
Add component (AddParameter): Name = "Octopart"; Value = "https://octopart.com/cc0603mrx7r9bb104-yageo-67308423"; VariantName = "[No Variations]"
Add component (AddParameter): Name = "Package"; Value = "CC0603-DA"; VariantName = "[No Variations]"
Add component (AddParameter): Name = "RoHS"; Value = "TRUE"; VariantName = "[No Variations]"
Add component (AddParameter): Name = "Temperature"; Value = "-55°C to +125°C"; VariantName = "[No Variations]"
Add component (AddParameter): Name = "Temperature Characteristic"; Value = "X7R"; VariantName = "[No Variations]"
Add component (AddParameter): Name = "Temperature Coefficient"; Value = "15%"; VariantName = "[No Variations]"
Add component (AddParameter): Name = "Temperature Range High"; Value = "+125°C"; VariantName = "[No Variations]"
Add component (AddParameter): Name = "Temperature Range Low"; Value = "-55°C"; VariantName = "[No Variations]"
Add component (AddParameter): Name = "Tolerance"; Value = "0.2"; VariantName = "[No Variations]"
Add component (AddParameter): Name = "Value"; Value = "100 nF"; VariantName = "[No Variations]"
Add component (AddParameter): Name = "Voltage"; Value = "50 V"; VariantName = "[No Variations]"
Add component (AddParameter): Name = "Voltage Rating"; Value = "50 V"; VariantName = "[No Variations]"
Added Component: Designator=D1_0(SC1103C01UTG)
Add component (AddParameter): Name = "Arrow Part Number"; Value = "SC1103C-01UTG"; VariantName = "[No Variations]"
Add component (AddParameter): Name = "Arrow Price/Stock"; Value = "null?region=nac"; VariantName = "[No Variations]"
Add component (AddParameter): Name = "Datasheet Link"; Value = "https://www.littelfuse.com/media?resourcetype=datasheets&itemid=00ca821d-8080-42f3-aae6-7cab4684d809&filename=littelfuse-tvs-diode-array-sc1103c-01utg-datasheet-1"; VariantName = "[No Variations]"
Add component (AddParameter): Name = "Height"; Value = "0.55mm"; VariantName = "[No Variations]"
Add component (AddParameter): Name = "Manufacturer_Name"; Value = "LITTELFUSE"; VariantName = "[No Variations]"
Add component (AddParameter): Name = "Manufacturer_Part_Number"; Value = "SC1103C-01UTG"; VariantName = "[No Variations]"
Add component (AddParameter): Name = "Mouser Part Number"; Value = "576-SC1103C-01UTG"; VariantName = "[No Variations]"
Add component (AddParameter): Name = "Mouser Price/Stock"; Value = "https://www.mouser.co.uk/ProductDetail/Littelfuse/SC1103C-01UTG?qs=Rp5uXu7WBW8S8u%2FopEdSug%3D%3D"; VariantName = "[No Variations]"
Added Component: Designator=D1_1(SC1103C01UTG)
Add component (AddParameter): Name = "Arrow Part Number"; Value = "SC1103C-01UTG"; VariantName = "[No Variations]"
Add component (AddParameter): Name = "Arrow Price/Stock"; Value = "null?region=nac"; VariantName = "[No Variations]"
Add component (AddParameter): Name = "Datasheet Link"; Value = "https://www.littelfuse.com/media?resourcetype=datasheets&itemid=00ca821d-8080-42f3-aae6-7cab4684d809&filename=littelfuse-tvs-diode-array-sc1103c-01utg-datasheet-1"; VariantName = "[No Variations]"
Add component (AddParameter): Name = "Height"; Value = "0.55mm"; VariantName = "[No Variations]"
Add component (AddParameter): Name = "Manufacturer_Name"; Value = "LITTELFUSE"; VariantName = "[No Variations]"
Add component (AddParameter): Name = "Manufacturer_Part_Number"; Value = "SC1103C-01UTG"; VariantName = "[No Variations]"
Add component (AddParameter): Name = "Mouser Part Number"; Value = "576-SC1103C-01UTG"; VariantName = "[No Variations]"
Add component (AddParameter): Name = "Mouser Price/Stock"; Value = "https://www.mouser.co.uk/ProductDetail/Littelfuse/SC1103C-01UTG?qs=Rp5uXu7WBW8S8u%2FopEdSug%3D%3D"; VariantName = "[No Variations]"
Added Component: Designator=D1_3(SC1103C01UTG)
Add component (AddParameter): Name = "Arrow Part Number"; Value = "SC1103C-01UTG"; VariantName = "[No Variations]"
Add component (AddParameter): Name = "Arrow Price/Stock"; Value = "null?region=nac"; VariantName = "[No Variations]"
Add component (AddParameter): Name = "Datasheet Link"; Value = "https://www.littelfuse.com/media?resourcetype=datasheets&itemid=00ca821d-8080-42f3-aae6-7cab4684d809&filename=littelfuse-tvs-diode-array-sc1103c-01utg-datasheet-1"; VariantName = "[No Variations]"
Add component (AddParameter): Name = "Height"; Value = "0.55mm"; VariantName = "[No Variations]"
Add component (AddParameter): Name = "Manufacturer_Name"; Value = "LITTELFUSE"; VariantName = "[No Variations]"
Add component (AddParameter): Name = "Manufacturer_Part_Number"; Value = "SC1103C-01UTG"; VariantName = "[No Variations]"
Add component (AddParameter): Name = "Mouser Part Number"; Value = "576-SC1103C-01UTG"; VariantName = "[No Variations]"
Add component (AddParameter): Name = "Mouser Price/Stock"; Value = "https://www.mouser.co.uk/ProductDetail/Littelfuse/SC1103C-01UTG?qs=Rp5uXu7WBW8S8u%2FopEdSug%3D%3D"; VariantName = "[No Variations]"
Added Component: Designator=D1_4(SC1103C01UTG)
Add component (AddParameter): Name = "Arrow Part Number"; Value = "SC1103C-01UTG"; VariantName = "[No Variations]"
Add component (AddParameter): Name = "Arrow Price/Stock"; Value = "null?region=nac"; VariantName = "[No Variations]"
Add component (AddParameter): Name = "Datasheet Link"; Value = "https://www.littelfuse.com/media?resourcetype=datasheets&itemid=00ca821d-8080-42f3-aae6-7cab4684d809&filename=littelfuse-tvs-diode-array-sc1103c-01utg-datasheet-1"; VariantName = "[No Variations]"
Add component (AddParameter): Name = "Height"; Value = "0.55mm"; VariantName = "[No Variations]"
Add component (AddParameter): Name = "Manufacturer_Name"; Value = "LITTELFUSE"; VariantName = "[No Variations]"
Add component (AddParameter): Name = "Manufacturer_Part_Number"; Value = "SC1103C-01UTG"; VariantName = "[No Variations]"
Add component (AddParameter): Name = "Mouser Part Number"; Value = "576-SC1103C-01UTG"; VariantName = "[No Variations]"
Add component (AddParameter): Name = "Mouser Price/Stock"; Value = "https://www.mouser.co.uk/ProductDetail/Littelfuse/SC1103C-01UTG?qs=Rp5uXu7WBW8S8u%2FopEdSug%3D%3D"; VariantName = "[No Variations]"
Added Component: Designator=D1_5(SC1103C01UTG)
Add component (AddParameter): Name = "Arrow Part Number"; Value = "SC1103C-01UTG"; VariantName = "[No Variations]"
Add component (AddParameter): Name = "Arrow Price/Stock"; Value = "null?region=nac"; VariantName = "[No Variations]"
Add component (AddParameter): Name = "Datasheet Link"; Value = "https://www.littelfuse.com/media?resourcetype=datasheets&itemid=00ca821d-8080-42f3-aae6-7cab4684d809&filename=littelfuse-tvs-diode-array-sc1103c-01utg-datasheet-1"; VariantName = "[No Variations]"
Add component (AddParameter): Name = "Height"; Value = "0.55mm"; VariantName = "[No Variations]"
Add component (AddParameter): Name = "Manufacturer_Name"; Value = "LITTELFUSE"; VariantName = "[No Variations]"
Add component (AddParameter): Name = "Manufacturer_Part_Number"; Value = "SC1103C-01UTG"; VariantName = "[No Variations]"
Add component (AddParameter): Name = "Mouser Part Number"; Value = "576-SC1103C-01UTG"; VariantName = "[No Variations]"
Add component (AddParameter): Name = "Mouser Price/Stock"; Value = "https://www.mouser.co.uk/ProductDetail/Littelfuse/SC1103C-01UTG?qs=Rp5uXu7WBW8S8u%2FopEdSug%3D%3D"; VariantName = "[No Variations]"
Added Pin To Net: NetName=D+5V Pin=C12-1
Added Pin To Net: NetName=GND Pin=C12-2
Added Pin To Net: NetName=GND Pin=D1_0-1
Added Pin To Net: NetName=in_UNFLT_0 Pin=D1_0-2
Added Pin To Net: NetName=GND Pin=D1_1-1
Added Pin To Net: NetName=in_UNFLT_1 Pin=D1_1-2
Added Pin To Net: NetName=GND Pin=D1_3-1
Added Pin To Net: NetName=in_UNFLT_3 Pin=D1_3-2
Added Pin To Net: NetName=GND Pin=D1_4-1
Added Pin To Net: NetName=in_UNFLT_4 Pin=D1_4-2
Added Pin To Net: NetName=GND Pin=D1_5-1
Added Pin To Net: NetName=in_UNFLT_5 Pin=D1_5-2
Change Net Name : Old Net Name=NetQ1_1 New Net Name=Blinky
Change Net Name : Old Net Name=NetR3_2 New Net Name=BOOT
Added Pin To Net: NetName=3V3 Pin=C18-1
Added Pin To Net: NetName=3V3 Pin=U3-5
Added Net: Name=3V3
Added Pin To Net: NetName=extra1 Pin=U1-14
Added Net: Name=extra1
Added Pin To Net: NetName=extra2 Pin=U1-15
Added Net: Name=extra2
Added Pin To Net: NetName=extra3 Pin=U1-16
Added Net: Name=extra3
Added Pin To Net: NetName=extra4 Pin=U1-17
Added Net: Name=extra4
Added Member To Class: ClassName=0 Member=Component C11_0 (C11) Capacitor
Added Member To Class: ClassName=1 Member=Component C11_1 (C11) Capacitor
Added Member To Class: ClassName=2 Member=Component C11_2 (C11) Capacitor
Added Member To Class: ClassName=4 Member=Component C11_4 (C11) Capacitor
Added Member To Class: ClassName=5 Member=Component C11_5 (C11) Capacitor
Added Member To Class: ClassName=Can_Interface Member=Component C12 CC0603MRX7R9BB104
Added Member To Class: ClassName=Designator Member=Component C17 CC0603KPX7R7BB105
Added Member To Class: ClassName=0 Member=Component D1_0 (D1) SC1103C-01UTG
Added Member To Class: ClassName=1 Member=Component D1_1 (D1) SC1103C-01UTG
Added Member To Class: ClassName=3 Member=Component D1_3 (D1) SC1103C-01UTG
Added Member To Class: ClassName=4 Member=Component D1_4 (D1) SC1103C-01UTG
Added Member To Class: ClassName=5 Member=Component D1_5 (D1) SC1103C-01UTG
Added Member To Class: ClassName=STlink Member=Component J3 TSW-105-05-G-S
Added Member To Class: ClassName=Can_Interface Member=Component R6 RC0603FR-07120RL
Added Member To Class: ClassName=0 Member=Component R8_0 (R8) 340
Added Member To Class: ClassName=1 Member=Component R8_1 (R8) 340
Added Member To Class: ClassName=2 Member=Component R8_2 (R8) 340
Added Member To Class: ClassName=4 Member=Component R8_4 (R8) 340
Added Member To Class: ClassName=5 Member=Component R8_5 (R8) 340
Added Rule: Name=Schematic Supply Nets_6
