Removed Member From Class: ClassName=Designator6 Member=J1_Designator1
Removed Member From Class: ClassName=Designator4 Member=J1_Designator3
Removed Member From Class: ClassName=Designator2 Member=J1_Designator5
Change Footprint: Footprint Not Found CAPC1608X90X35LL15T15
Change Footprint: Footprint Not Found CAPC1608X90X35LL15T15
Change Footprint: Footprint Not Found CAPC1608X90X35LL15T15
Change Footprint: Footprint Not Found CAPC1608X90X35LL15T15
Change Footprint: Footprint Not Found CAPC1608X90X35LL15T15
Change Footprint: Footprint Not Found CAPC1608X90X35LL15T15
Change Footprint: Footprint Not Found CAPC1608X90X35LL15T15
Change Footprint: Footprint Not Found CAPC1608X90X35LL15T15
Change Footprint: Footprint Not Found CAPC1608X90X35LL15T15
Change Footprint: Footprint Not Found CAPC1608X90X35LL15T15
Change Footprint: Footprint Not Found CAPC1608X90X35LL15T15
Change Footprint: Footprint Not Found RESC1608X55X25LL10T15
Change Footprint: Footprint Not Found RESC1608X55X25LL10T15
Change Footprint: Footprint Not Found RESC1608X55X25LL10T15
Change Footprint: Footprint Not Found RESC1608X55X25LL10T15
Change Footprint: Footprint Not Found RESC1608X55X25LL10T15
Change Footprint: Footprint Not Found RESC1608X55X25LL10T15
Change Footprint: Footprint Not Found RESC1608X55X25LL10T15
Change Footprint: Footprint Not Found RESC1608X55X25LL10T15
Change Footprint: Footprint Not Found RESC1608X55X25LL10T15
Change Footprint: Footprint Not Found RESC1608X55X25LL10T15
Change Footprint: Footprint Not Found RESC2012X60N
Change Footprint: Footprint Not Found HDRV5W64P0X254_1X5_1270X254X854P
Add component: Footprint Not Found SOD2513X120N
Add component: Footprint Not Found SOD2513X120N
Add component: Footprint Not Found SOD2513X120N
Add component: Footprint Not Found SOD2513X120N
Add component: Footprint Not Found SOD2513X120N
Add component: Footprint Not Found SOD2513X120N
Add component: Footprint Not Found DIOM5436X330N
Add component: Footprint Not Found BEADC2012X105N
Add component: Footprint Not Found LEDM1620X150N
Add component: Footprint Not Found ERJP03_PA3_(0603)
Add Pin To Net: Unknown Pin: Pin C11_0-1
Add Pin To Net: Unknown Pin: Pin C11_0-2
Add Pin To Net: Unknown Pin: Pin C11_1-1
Add Pin To Net: Unknown Pin: Pin C11_1-2
Add Pin To Net: Unknown Pin: Pin C11_2-1
Add Pin To Net: Unknown Pin: Pin C11_2-2
Add Pin To Net: Unknown Pin: Pin C11_3-1
Add Pin To Net: Unknown Pin: Pin C11_3-2
Add Pin To Net: Unknown Pin: Pin C11_4-1
Add Pin To Net: Unknown Pin: Pin C11_4-2
Add Pin To Net: Unknown Pin: Pin C11_5-1
Add Pin To Net: Unknown Pin: Pin C11_5-2
Add Pin To Net: Unknown Pin: Pin D1_0-1
Add Pin To Net: Unknown Pin: Pin D1_0-2
Add Pin To Net: Unknown Pin: Pin D1_1-1
Add Pin To Net: Unknown Pin: Pin D1_1-2
Add Pin To Net: Unknown Pin: Pin D1_2-1
Add Pin To Net: Unknown Pin: Pin D1_2-2
Add Pin To Net: Unknown Pin: Pin D1_3-1
Add Pin To Net: Unknown Pin: Pin D1_3-2
Add Pin To Net: Unknown Pin: Pin D1_4-1
Add Pin To Net: Unknown Pin: Pin D1_4-2
Add Pin To Net: Unknown Pin: Pin D1_5-1
Add Pin To Net: Unknown Pin: Pin D1_5-2
Add Pin To Net: Unknown Pin: Pin D2-1
Add Pin To Net: Unknown Pin: Pin D2-2
Add Pin To Net: Unknown Pin: Pin FB1-1
Add Pin To Net: Unknown Pin: Pin FB1-2
Add Pin To Net: Unknown Pin: Pin LED3-1
Add Pin To Net: Unknown Pin: Pin LED3-2
Add Pin To Net: Unknown Pin: Pin R24-1
Add Pin To Net: Unknown Pin: Pin R24-2
Added Member To Class: ClassName=MCU Member=Component C1 0.1u
Added Member To Class: ClassName=MCU Member=Component C2 0.1u
Added Member To Class: ClassName=MCU Member=Component C4 0.1u
Added Member To Class: ClassName=MCU Member=Component C6 1u
Added Member To Class: ClassName=MCU Member=Component C8 8p
Added Member To Class: ClassName=MCU Member=Component C10 2u2
Add Class Member: Failed to add class member : Component C11_0 (C11) Capacitor
Add Class Member: Failed to add class member : Component C11_1 (C11) Capacitor
Add Class Member: Failed to add class member : Component C11_2 (C11) Capacitor
Add Class Member: Failed to add class member : Component C11_3 (C11) Capacitor
Add Class Member: Failed to add class member : Component C11_4 (C11) Capacitor
Add Class Member: Failed to add class member : Component C11_5 (C11) Capacitor
Add Class Member: Failed to add class member : Component D1_0 (D1) DESD5V0U1BA-7
Add Class Member: Failed to add class member : Component D1_1 (D1) DESD5V0U1BA-7
Add Class Member: Failed to add class member : Component D1_2 (D1) DESD5V0U1BA-7
Add Class Member: Failed to add class member : Component D1_3 (D1) DESD5V0U1BA-7
Add Class Member: Failed to add class member : Component D1_4 (D1) DESD5V0U1BA-7
Add Class Member: Failed to add class member : Component D1_5 (D1) DESD5V0U1BA-7
Add Class Member: Failed to add class member : Component D2 0.22 V 1A
Add Class Member: Failed to add class member : Component FB1 ferrite bead 0805
Added Member To Class: ClassName=Designator2 Member=Component J1_Designator2 (J1) TSW-106-23-F-S
Added Member To Class: ClassName=Designator4 Member=Component J1_Designator4 (J1) TSW-106-23-F-S
Added Member To Class: ClassName=Designator6 Member=Component J1_Designator6 (J1) TSW-106-23-F-S
Add Class Member: Failed to add class member : Component LED3 SML-D12P8WT86C
Add Class Member: Failed to add class member : Component R24 120
