Change Component Footprint: Designator=C1 Old Footprint=CAPC1608X90X35LL15T15 New Footprint=FP-RC1608-IPC_A
Change Component Footprint: Designator=C2 Old Footprint=CAPC1608X90X35LL15T15 New Footprint=FP-RC1608-IPC_A
Change Component Footprint: Designator=C3 Old Footprint=CAPC1608X90X35LL15T15 New Footprint=FP-RC1608-IPC_A
Change Component Footprint: Designator=C4 Old Footprint=CAPC1608X90X35LL15T15 New Footprint=FP-RC1608-IPC_A
Change Component Footprint: Designator=C5 Old Footprint=CAPC1608X90X35LL15T15 New Footprint=FP-RC1608-IPC_A
Change Component Footprint: Designator=C6 Old Footprint=CAPC1608X90X35LL15T15 New Footprint=FP-RC1608-IPC_A
Change Component Footprint: Designator=C7 Old Footprint=CAPC1608X90X35LL15T15 New Footprint=FP-RC1608-IPC_A
Change Component Footprint: Designator=C8 Old Footprint=CAPC1608X90X35LL15T15 New Footprint=FP-RC1608-IPC_A
Change Component Footprint: Designator=C9 Old Footprint=CAPC1608X90X35LL15T15 New Footprint=FP-RC1608-IPC_A
Change Component Footprint: Designator=C10 Old Footprint=CAPC1608X90X35LL15T15 New Footprint=FP-RC1608-IPC_A
Change Component Footprint: Designator=C35 Old Footprint=FP-RC1608-IPC_A New Footprint=FP-RC1608-IPC_A
Change Component Footprint: Designator=J3 Old Footprint=HDRV5W64P0X254_1X5_1270X254X854P New Footprint=FP-TSM-106-01-T-SH-A-MFG
Change Component Footprint: Designator=R1 Old Footprint=RESC1608X55X25LL10T15 New Footprint=FP-RC1608-IPC_A
Change Component Footprint: Designator=R2 Old Footprint=RESC1608X55X25LL10T15 New Footprint=FP-RC1608-IPC_A
Change Component Footprint: Designator=R3 Old Footprint=RESC1608X55X25LL10T15 New Footprint=FP-RC1608-IPC_A
Change Component Footprint: Designator=R4 Old Footprint=RESC1608X55X25LL10T15 New Footprint=FP-RC1608-IPC_A
Change Component Footprint: Designator=R6 Old Footprint=RESC1608X55X25LL10T15 New Footprint=FP-RC1608-IPC_A
Change Component Footprint: Designator=R6 Old Footprint=RESC1608X55X25LL10T15 New Footprint=FP-RC1608-IPC_A
Change Component Footprint: Designator=R6 Old Footprint=RESC1608X55X25LL10T15 New Footprint=FP-RC1608-IPC_A
Change Component Footprint: Designator=R6 Old Footprint=RESC1608X55X25LL10T15 New Footprint=FP-RC1608-IPC_A
Change Component Footprint: Designator=R6 Old Footprint=RESC1608X55X25LL10T15 New Footprint=FP-RC1608-IPC_A
Change Component Footprint: Designator=R6 Old Footprint=RESC1608X55X25LL10T15 New Footprint=FP-RC1608-IPC_A
Change Component Footprint: Designator=R5 Old Footprint=RESC2012X60N New Footprint=FP-RC2012-IPC_A
